Apr 11 19:50:21 localhost kernel: Command line: BOOT_IMAGE=/vmlinuz-4.18.16-300.fc29.x86_64 root=/dev/mapper/fedora-root ro resume=/dev/mapper/fedora-swap rd.lvm.lv=fedora/root rd.lvm.lv=fedora/swap rhgb quiet LANG=en_US.UTF-8
Apr 11 19:50:21 localhost kernel: Disabled fast string operations
Apr 11 19:50:21 localhost kernel: x86/fpu: Supporting XSAVE feature 0x001: 'x87 floating point registers'
Apr 11 19:50:21 localhost kernel: x86/fpu: Supporting XSAVE feature 0x002: 'SSE registers'
Apr 11 19:50:21 localhost kernel: x86/fpu: Supporting XSAVE feature 0x004: 'AVX registers'
Apr 11 19:50:21 localhost kernel: x86/fpu: Supporting XSAVE feature 0x008: 'MPX bounds registers'
Apr 11 19:50:21 localhost kernel: x86/fpu: Supporting XSAVE feature 0x010: 'MPX CSR'
Apr 11 19:50:21 localhost kernel: x86/fpu: xstate_offset[2]:  576, xstate_sizes[2]:  256
Apr 11 19:50:21 localhost kernel: x86/fpu: xstate_offset[3]:  832, xstate_sizes[3]:   64
Apr 11 19:50:21 localhost kernel: x86/fpu: xstate_offset[4]:  896, xstate_sizes[4]:   64
Apr 11 19:50:21 localhost kernel: x86/fpu: Enabled xstate features 0x1f, context size is 960 bytes, using 'compacted' format.
Apr 11 19:50:21 localhost kernel: BIOS-provided physical RAM map:
Apr 11 19:50:21 localhost kernel: BIOS-e820: [mem 0x0000000000000000-0x000000000009ebff] usable
Apr 11 19:50:21 localhost kernel: BIOS-e820: [mem 0x000000000009ec00-0x000000000009ffff] reserved
Apr 11 19:50:21 localhost kernel: BIOS-e820: [mem 0x00000000000dc000-0x00000000000fffff] reserved
Apr 11 19:50:21 localhost kernel: BIOS-e820: [mem 0x0000000000100000-0x0000000092edffff] usable
Apr 11 19:50:21 localhost kernel: BIOS-e820: [mem 0x0000000092ee0000-0x0000000092efefff] ACPI data
Apr 11 19:50:21 localhost kernel: BIOS-e820: [mem 0x0000000092eff000-0x0000000092efffff] ACPI NVS
Apr 11 19:50:21 localhost kernel: BIOS-e820: [mem 0x0000000092f00000-0x0000000092ffffff] usable
Apr 11 19:50:21 localhost kernel: BIOS-e820: [mem 0x00000000f0000000-0x00000000f7ffffff] reserved
Apr 11 19:50:21 localhost kernel: BIOS-e820: [mem 0x00000000fec00000-0x00000000fec0ffff] reserved
Apr 11 19:50:21 localhost kernel: BIOS-e820: [mem 0x00000000fee00000-0x00000000fee00fff] reserved
Apr 11 19:50:21 localhost kernel: BIOS-e820: [mem 0x00000000fffe0000-0x00000000ffffffff] reserved
Apr 11 19:50:21 localhost kernel: NX (Execute Disable) protection: active
Apr 11 19:50:21 localhost kernel: SMBIOS 2.7 present.
Apr 11 19:50:21 localhost kernel: DMI: VMware, Inc. VMware Virtual Platform/440BX Desktop Reference Platform, BIOS 6.00 04/13/2018
Apr 11 19:50:21 localhost kernel: Hypervisor detected: VMware
Apr 11 19:50:21 localhost kernel: vmware: TSC freq read from hypervisor : 2304.001 MHz
Apr 11 19:50:21 localhost kernel: vmware: Host bus clock speed read from hypervisor : 66000000 Hz
Apr 11 19:50:21 localhost kernel: vmware: using sched offset of 49857354779 ns
Apr 11 19:50:21 localhost kernel: last_pfn = 0x93000 max_arch_pfn = 0x400000000
Apr 11 19:50:21 localhost kernel: x86/PAT: Configuration [0-7]: WB  WC  UC- UC  WB  WP  UC- WT  
Apr 11 19:50:21 localhost kernel: found SMP MP-table at [mem 0x000f6a80-0x000f6a8f] mapped at [(____ptrval____)]
Apr 11 19:50:21 localhost kernel: Using GB pages for direct mapping
Apr 11 19:50:21 localhost kernel: RAMDISK: [mem 0x3526b000-0x3692dfff]
Apr 11 19:50:21 localhost kernel: ACPI: Early table checksum verification disabled
Apr 11 19:50:21 localhost kernel: ACPI: RSDP 0x00000000000F6A10 000024 (v02 PTLTD )
Apr 11 19:50:21 localhost kernel: ACPI: XSDT 0x0000000092EE965B 00005C (v01 INTEL  440BX    06040000 VMW  01324272)
Apr 11 19:50:21 localhost kernel: ACPI: FACP 0x0000000092EFEE73 0000F4 (v04 INTEL  440BX    06040000 PTL  000F4240)
Apr 11 19:50:21 localhost kernel: ACPI: DSDT 0x0000000092EEB345 013B2E (v01 PTLTD  Custom   06040000 MSFT 03000001)
Apr 11 19:50:21 localhost kernel: ACPI: FACS 0x0000000092EFFFC0 000040
Apr 11 19:50:21 localhost kernel: ACPI: FACS 0x0000000092EFFFC0 000040
Apr 11 19:50:21 localhost kernel: ACPI: BOOT 0x0000000092EEB31D 000028 (v01 PTLTD  $SBFTBL$ 06040000  LTP 00000001)
Apr 11 19:50:21 localhost kernel: ACPI: APIC 0x0000000092EEA8BD 000742 (v01 PTLTD  ? APIC   06040000  LTP 00000000)
Apr 11 19:50:21 localhost kernel: ACPI: MCFG 0x0000000092EEA881 00003C (v01 PTLTD  $PCITBL$ 06040000  LTP 00000001)
Apr 11 19:50:21 localhost kernel: ACPI: SRAT 0x0000000092EE9757 0008A8 (v02 VMWARE MEMPLUG  06040000 VMW  00000001)
Apr 11 19:50:21 localhost kernel: ACPI: HPET 0x0000000092EE971F 000038 (v01 VMWARE VMW HPET 06040000 VMW  00000001)
Apr 11 19:50:21 localhost kernel: ACPI: WAET 0x0000000092EE96F7 000028 (v01 VMWARE VMW WAET 06040000 VMW  00000001)
Apr 11 19:50:21 localhost kernel: Setting APIC routing to physical flat.
Apr 11 19:50:21 localhost kernel: SRAT: PXM 0 -> APIC 0x00 -> Node 0
Apr 11 19:50:21 localhost kernel: SRAT: PXM 0 -> APIC 0x01 -> Node 0
Apr 11 19:50:21 localhost kernel: SRAT: PXM 0 -> APIC 0x02 -> Node 0
Apr 11 19:50:21 localhost kernel: SRAT: PXM 0 -> APIC 0x04 -> Node 0
Apr 11 19:50:21 localhost kernel: SRAT: PXM 0 -> APIC 0x05 -> Node 0
Apr 11 19:50:21 localhost kernel: SRAT: PXM 0 -> APIC 0x06 -> Node 0
Apr 11 19:50:21 localhost kernel: SRAT: PXM 0 -> APIC 0x08 -> Node 0
Apr 11 19:50:21 localhost kernel: SRAT: PXM 0 -> APIC 0x09 -> Node 0
Apr 11 19:50:21 localhost kernel: SRAT: PXM 0 -> APIC 0x0a -> Node 0
Apr 11 19:50:21 localhost kernel: SRAT: PXM 0 -> APIC 0x0c -> Node 0
Apr 11 19:50:21 localhost kernel: SRAT: PXM 0 -> APIC 0x0d -> Node 0
Apr 11 19:50:21 localhost kernel: SRAT: PXM 0 -> APIC 0x0e -> Node 0
Apr 11 19:50:21 localhost kernel: SRAT: PXM 0 -> APIC 0x10 -> Node 0
Apr 11 19:50:21 localhost kernel: SRAT: PXM 0 -> APIC 0x11 -> Node 0
Apr 11 19:50:21 localhost kernel: SRAT: PXM 0 -> APIC 0x12 -> Node 0
Apr 11 19:50:21 localhost kernel: SRAT: PXM 0 -> APIC 0x14 -> Node 0
Apr 11 19:50:21 localhost kernel: SRAT: PXM 0 -> APIC 0x15 -> Node 0
Apr 11 19:50:21 localhost kernel: SRAT: PXM 0 -> APIC 0x16 -> Node 0
Apr 11 19:50:21 localhost kernel: SRAT: PXM 0 -> APIC 0x18 -> Node 0
Apr 11 19:50:21 localhost kernel: SRAT: PXM 0 -> APIC 0x19 -> Node 0
Apr 11 19:50:21 localhost kernel: SRAT: PXM 0 -> APIC 0x1a -> Node 0
Apr 11 19:50:21 localhost kernel: SRAT: PXM 0 -> APIC 0x1c -> Node 0
Apr 11 19:50:21 localhost kernel: SRAT: PXM 0 -> APIC 0x1d -> Node 0
Apr 11 19:50:21 localhost kernel: SRAT: PXM 0 -> APIC 0x1e -> Node 0
Apr 11 19:50:21 localhost kernel: SRAT: PXM 0 -> APIC 0x20 -> Node 0
Apr 11 19:50:21 localhost kernel: SRAT: PXM 0 -> APIC 0x21 -> Node 0
Apr 11 19:50:21 localhost kernel: SRAT: PXM 0 -> APIC 0x22 -> Node 0
Apr 11 19:50:21 localhost kernel: SRAT: PXM 0 -> APIC 0x24 -> Node 0
Apr 11 19:50:21 localhost kernel: SRAT: PXM 0 -> APIC 0x25 -> Node 0
Apr 11 19:50:21 localhost kernel: SRAT: PXM 0 -> APIC 0x26 -> Node 0
Apr 11 19:50:21 localhost kernel: SRAT: PXM 0 -> APIC 0x28 -> Node 0
Apr 11 19:50:21 localhost kernel: SRAT: PXM 0 -> APIC 0x29 -> Node 0
Apr 11 19:50:21 localhost kernel: SRAT: PXM 0 -> APIC 0x2a -> Node 0
Apr 11 19:50:21 localhost kernel: SRAT: PXM 0 -> APIC 0x2c -> Node 0
Apr 11 19:50:21 localhost kernel: SRAT: PXM 0 -> APIC 0x2d -> Node 0
Apr 11 19:50:21 localhost kernel: SRAT: PXM 0 -> APIC 0x2e -> Node 0
Apr 11 19:50:21 localhost kernel: SRAT: PXM 0 -> APIC 0x30 -> Node 0
Apr 11 19:50:21 localhost kernel: SRAT: PXM 0 -> APIC 0x31 -> Node 0
Apr 11 19:50:21 localhost kernel: SRAT: PXM 0 -> APIC 0x32 -> Node 0
Apr 11 19:50:21 localhost kernel: SRAT: PXM 0 -> APIC 0x34 -> Node 0
Apr 11 19:50:21 localhost kernel: SRAT: PXM 0 -> APIC 0x35 -> Node 0
Apr 11 19:50:21 localhost kernel: SRAT: PXM 0 -> APIC 0x36 -> Node 0
Apr 11 19:50:21 localhost kernel: SRAT: PXM 0 -> APIC 0x38 -> Node 0
Apr 11 19:50:21 localhost kernel: SRAT: PXM 0 -> APIC 0x39 -> Node 0
Apr 11 19:50:21 localhost kernel: SRAT: PXM 0 -> APIC 0x3a -> Node 0
Apr 11 19:50:21 localhost kernel: SRAT: PXM 0 -> APIC 0x3c -> Node 0
Apr 11 19:50:21 localhost kernel: SRAT: PXM 0 -> APIC 0x3d -> Node 0
Apr 11 19:50:21 localhost kernel: SRAT: PXM 0 -> APIC 0x3e -> Node 0
Apr 11 19:50:21 localhost kernel: SRAT: PXM 0 -> APIC 0x40 -> Node 0
Apr 11 19:50:21 localhost kernel: SRAT: PXM 0 -> APIC 0x41 -> Node 0
Apr 11 19:50:21 localhost kernel: SRAT: PXM 0 -> APIC 0x42 -> Node 0
Apr 11 19:50:21 localhost kernel: SRAT: PXM 0 -> APIC 0x44 -> Node 0
Apr 11 19:50:21 localhost kernel: SRAT: PXM 0 -> APIC 0x45 -> Node 0
Apr 11 19:50:21 localhost kernel: SRAT: PXM 0 -> APIC 0x46 -> Node 0
Apr 11 19:50:21 localhost kernel: SRAT: PXM 0 -> APIC 0x48 -> Node 0
Apr 11 19:50:21 localhost kernel: SRAT: PXM 0 -> APIC 0x49 -> Node 0
Apr 11 19:50:21 localhost kernel: SRAT: PXM 0 -> APIC 0x4a -> Node 0
Apr 11 19:50:21 localhost kernel: SRAT: PXM 0 -> APIC 0x4c -> Node 0
Apr 11 19:50:21 localhost kernel: SRAT: PXM 0 -> APIC 0x4d -> Node 0
Apr 11 19:50:21 localhost kernel: SRAT: PXM 0 -> APIC 0x4e -> Node 0
Apr 11 19:50:21 localhost kernel: SRAT: PXM 0 -> APIC 0x50 -> Node 0
Apr 11 19:50:21 localhost kernel: SRAT: PXM 0 -> APIC 0x51 -> Node 0
Apr 11 19:50:21 localhost kernel: SRAT: PXM 0 -> APIC 0x52 -> Node 0
Apr 11 19:50:21 localhost kernel: SRAT: PXM 0 -> APIC 0x54 -> Node 0
Apr 11 19:50:21 localhost kernel: SRAT: PXM 0 -> APIC 0x55 -> Node 0
Apr 11 19:50:21 localhost kernel: SRAT: PXM 0 -> APIC 0x56 -> Node 0
Apr 11 19:50:21 localhost kernel: SRAT: PXM 0 -> APIC 0x58 -> Node 0
Apr 11 19:50:21 localhost kernel: SRAT: PXM 0 -> APIC 0x59 -> Node 0
Apr 11 19:50:21 localhost kernel: SRAT: PXM 0 -> APIC 0x5a -> Node 0
Apr 11 19:50:21 localhost kernel: SRAT: PXM 0 -> APIC 0x5c -> Node 0
Apr 11 19:50:21 localhost kernel: SRAT: PXM 0 -> APIC 0x5d -> Node 0
Apr 11 19:50:21 localhost kernel: SRAT: PXM 0 -> APIC 0x5e -> Node 0
Apr 11 19:50:21 localhost kernel: SRAT: PXM 0 -> APIC 0x60 -> Node 0
Apr 11 19:50:21 localhost kernel: SRAT: PXM 0 -> APIC 0x61 -> Node 0
Apr 11 19:50:21 localhost kernel: SRAT: PXM 0 -> APIC 0x62 -> Node 0
Apr 11 19:50:21 localhost kernel: SRAT: PXM 0 -> APIC 0x64 -> Node 0
Apr 11 19:50:21 localhost kernel: SRAT: PXM 0 -> APIC 0x65 -> Node 0
Apr 11 19:50:21 localhost kernel: SRAT: PXM 0 -> APIC 0x66 -> Node 0
Apr 11 19:50:21 localhost kernel: SRAT: PXM 0 -> APIC 0x68 -> Node 0
Apr 11 19:50:21 localhost kernel: SRAT: PXM 0 -> APIC 0x69 -> Node 0
Apr 11 19:50:21 localhost kernel: SRAT: PXM 0 -> APIC 0x6a -> Node 0
Apr 11 19:50:21 localhost kernel: SRAT: PXM 0 -> APIC 0x6c -> Node 0
Apr 11 19:50:21 localhost kernel: SRAT: PXM 0 -> APIC 0x6d -> Node 0
Apr 11 19:50:21 localhost kernel: SRAT: PXM 0 -> APIC 0x6e -> Node 0
Apr 11 19:50:21 localhost kernel: SRAT: PXM 0 -> APIC 0x70 -> Node 0
Apr 11 19:50:21 localhost kernel: SRAT: PXM 0 -> APIC 0x71 -> Node 0
Apr 11 19:50:21 localhost kernel: SRAT: PXM 0 -> APIC 0x72 -> Node 0
Apr 11 19:50:21 localhost kernel: SRAT: PXM 0 -> APIC 0x74 -> Node 0
Apr 11 19:50:21 localhost kernel: SRAT: PXM 0 -> APIC 0x75 -> Node 0
Apr 11 19:50:21 localhost kernel: SRAT: PXM 0 -> APIC 0x76 -> Node 0
Apr 11 19:50:21 localhost kernel: SRAT: PXM 0 -> APIC 0x78 -> Node 0
Apr 11 19:50:21 localhost kernel: SRAT: PXM 0 -> APIC 0x79 -> Node 0
Apr 11 19:50:21 localhost kernel: SRAT: PXM 0 -> APIC 0x7a -> Node 0
Apr 11 19:50:21 localhost kernel: SRAT: PXM 0 -> APIC 0x7c -> Node 0
Apr 11 19:50:21 localhost kernel: SRAT: PXM 0 -> APIC 0x7d -> Node 0
Apr 11 19:50:21 localhost kernel: SRAT: PXM 0 -> APIC 0x7e -> Node 0
Apr 11 19:50:21 localhost kernel: SRAT: PXM 0 -> APIC 0x80 -> Node 0
Apr 11 19:50:21 localhost kernel: SRAT: PXM 0 -> APIC 0x81 -> Node 0
Apr 11 19:50:21 localhost kernel: SRAT: PXM 0 -> APIC 0x82 -> Node 0
Apr 11 19:50:21 localhost kernel: SRAT: PXM 0 -> APIC 0x84 -> Node 0
Apr 11 19:50:21 localhost kernel: SRAT: PXM 0 -> APIC 0x85 -> Node 0
Apr 11 19:50:21 localhost kernel: SRAT: PXM 0 -> APIC 0x86 -> Node 0
Apr 11 19:50:21 localhost kernel: SRAT: PXM 0 -> APIC 0x88 -> Node 0
Apr 11 19:50:21 localhost kernel: SRAT: PXM 0 -> APIC 0x89 -> Node 0
Apr 11 19:50:21 localhost kernel: SRAT: PXM 0 -> APIC 0x8a -> Node 0
Apr 11 19:50:21 localhost kernel: SRAT: PXM 0 -> APIC 0x8c -> Node 0
Apr 11 19:50:21 localhost kernel: SRAT: PXM 0 -> APIC 0x8d -> Node 0
Apr 11 19:50:21 localhost kernel: SRAT: PXM 0 -> APIC 0x8e -> Node 0
Apr 11 19:50:21 localhost kernel: SRAT: PXM 0 -> APIC 0x90 -> Node 0
Apr 11 19:50:21 localhost kernel: SRAT: PXM 0 -> APIC 0x91 -> Node 0
Apr 11 19:50:21 localhost kernel: SRAT: PXM 0 -> APIC 0x92 -> Node 0
Apr 11 19:50:21 localhost kernel: SRAT: PXM 0 -> APIC 0x94 -> Node 0
Apr 11 19:50:21 localhost kernel: SRAT: PXM 0 -> APIC 0x95 -> Node 0
Apr 11 19:50:21 localhost kernel: SRAT: PXM 0 -> APIC 0x96 -> Node 0
Apr 11 19:50:21 localhost kernel: SRAT: PXM 0 -> APIC 0x98 -> Node 0
Apr 11 19:50:21 localhost kernel: SRAT: PXM 0 -> APIC 0x99 -> Node 0
Apr 11 19:50:21 localhost kernel: SRAT: PXM 0 -> APIC 0x9a -> Node 0
Apr 11 19:50:21 localhost kernel: SRAT: PXM 0 -> APIC 0x9c -> Node 0
Apr 11 19:50:21 localhost kernel: SRAT: PXM 0 -> APIC 0x9d -> Node 0
Apr 11 19:50:21 localhost kernel: SRAT: PXM 0 -> APIC 0x9e -> Node 0
Apr 11 19:50:21 localhost kernel: SRAT: PXM 0 -> APIC 0xa0 -> Node 0
Apr 11 19:50:21 localhost kernel: SRAT: PXM 0 -> APIC 0xa1 -> Node 0
Apr 11 19:50:21 localhost kernel: SRAT: PXM 0 -> APIC 0xa2 -> Node 0
Apr 11 19:50:21 localhost kernel: SRAT: PXM 0 -> APIC 0xa4 -> Node 0
Apr 11 19:50:21 localhost kernel: SRAT: PXM 0 -> APIC 0xa5 -> Node 0
Apr 11 19:50:21 localhost kernel: SRAT: PXM 0 -> APIC 0xa6 -> Node 0
Apr 11 19:50:21 localhost kernel: SRAT: PXM 0 -> APIC 0xa8 -> Node 0
Apr 11 19:50:21 localhost kernel: SRAT: PXM 0 -> APIC 0xa9 -> Node 0
Apr 11 19:50:21 localhost kernel: ACPI: SRAT: Node 0 PXM 0 [mem 0x00000000-0x0009ffff]
Apr 11 19:50:21 localhost kernel: ACPI: SRAT: Node 0 PXM 0 [mem 0x00100000-0x92ffffff]
Apr 11 19:50:21 localhost kernel: ACPI: SRAT: Node 0 PXM 0 [mem 0x93000000-0xbfffffff] hotplug
Apr 11 19:50:21 localhost kernel: NUMA: Node 0 [mem 0x00000000-0x0009ffff] + [mem 0x00100000-0x92ffffff] -> [mem 0x00000000-0x92ffffff]
Apr 11 19:50:21 localhost kernel: NODE_DATA(0) allocated [mem 0x92fd5000-0x92ffffff]
Apr 11 19:50:21 localhost kernel: Zone ranges:
Apr 11 19:50:21 localhost kernel:  DMA      [mem 0x0000000000001000-0x0000000000ffffff]
Apr 11 19:50:21 localhost kernel:  DMA32    [mem 0x0000000001000000-0x0000000092ffffff]
Apr 11 19:50:21 localhost kernel:  Normal   empty
Apr 11 19:50:21 localhost kernel:  Device   empty
Apr 11 19:50:21 localhost kernel: Movable zone start for each node
Apr 11 19:50:21 localhost kernel: Early memory node ranges
Apr 11 19:50:21 localhost kernel:  node   0: [mem 0x0000000000001000-0x000000000009dfff]
Apr 11 19:50:21 localhost kernel:  node   0: [mem 0x0000000000100000-0x0000000092edffff]
Apr 11 19:50:21 localhost kernel:  node   0: [mem 0x0000000092f00000-0x0000000092ffffff]
Apr 11 19:50:21 localhost kernel: Reserved but unavailable: 20611 pages
Apr 11 19:50:21 localhost kernel: Initmem setup node 0 [mem 0x0000000000001000-0x0000000092ffffff]
Apr 11 19:50:21 localhost kernel: ACPI: PM-Timer IO Port: 0x1008
Apr 11 19:50:21 localhost kernel: ACPI: LAPIC_NMI (acpi_id[0x00] high edge lint[0x1])
Apr 11 19:50:21 localhost kernel: ACPI: LAPIC_NMI (acpi_id[0x01] high edge lint[0x1])
Apr 11 19:50:21 localhost kernel: ACPI: LAPIC_NMI (acpi_id[0x02] high edge lint[0x1])
Apr 11 19:50:21 localhost kernel: ACPI: LAPIC_NMI (acpi_id[0x03] high edge lint[0x1])
Apr 11 19:50:21 localhost kernel: ACPI: LAPIC_NMI (acpi_id[0x04] high edge lint[0x1])
Apr 11 19:50:21 localhost kernel: ACPI: LAPIC_NMI (acpi_id[0x05] high edge lint[0x1])
Apr 11 19:50:21 localhost kernel: ACPI: LAPIC_NMI (acpi_id[0x06] high edge lint[0x1])
Apr 11 19:50:21 localhost kernel: ACPI: LAPIC_NMI (acpi_id[0x07] high edge lint[0x1])
Apr 11 19:50:21 localhost kernel: ACPI: LAPIC_NMI (acpi_id[0x08] high edge lint[0x1])
Apr 11 19:50:21 localhost kernel: ACPI: LAPIC_NMI (acpi_id[0x09] high edge lint[0x1])
Apr 11 19:50:21 localhost kernel: ACPI: LAPIC_NMI (acpi_id[0x0a] high edge lint[0x1])
Apr 11 19:50:21 localhost kernel: ACPI: LAPIC_NMI (acpi_id[0x0b] high edge lint[0x1])
Apr 11 19:50:21 localhost kernel: ACPI: LAPIC_NMI (acpi_id[0x0c] high edge lint[0x1])
Apr 11 19:50:21 localhost kernel: ACPI: LAPIC_NMI (acpi_id[0x0d] high edge lint[0x1])
Apr 11 19:50:21 localhost kernel: ACPI: LAPIC_NMI (acpi_id[0x0e] high edge lint[0x1])
Apr 11 19:50:21 localhost kernel: ACPI: LAPIC_NMI (acpi_id[0x0f] high edge lint[0x1])
Apr 11 19:50:21 localhost kernel: ACPI: LAPIC_NMI (acpi_id[0x10] high edge lint[0x1])
Apr 11 19:50:21 localhost kernel: ACPI: LAPIC_NMI (acpi_id[0x11] high edge lint[0x1])
Apr 11 19:50:21 localhost kernel: ACPI: LAPIC_NMI (acpi_id[0x12] high edge lint[0x1])
Apr 11 19:50:21 localhost kernel: ACPI: LAPIC_NMI (acpi_id[0x13] high edge lint[0x1])
Apr 11 19:50:21 localhost kernel: ACPI: LAPIC_NMI (acpi_id[0x14] high edge lint[0x1])
Apr 11 19:50:21 localhost kernel: ACPI: LAPIC_NMI (acpi_id[0x15] high edge lint[0x1])
Apr 11 19:50:21 localhost kernel: ACPI: LAPIC_NMI (acpi_id[0x16] high edge lint[0x1])
Apr 11 19:50:21 localhost kernel: ACPI: LAPIC_NMI (acpi_id[0x17] high edge lint[0x1])
Apr 11 19:50:21 localhost kernel: ACPI: LAPIC_NMI (acpi_id[0x18] high edge lint[0x1])
Apr 11 19:50:21 localhost kernel: ACPI: LAPIC_NMI (acpi_id[0x19] high edge lint[0x1])
Apr 11 19:50:21 localhost kernel: ACPI: LAPIC_NMI (acpi_id[0x1a] high edge lint[0x1])
Apr 11 19:50:21 localhost kernel: ACPI: LAPIC_NMI (acpi_id[0x1b] high edge lint[0x1])
Apr 11 19:50:21 localhost kernel: ACPI: LAPIC_NMI (acpi_id[0x1c] high edge lint[0x1])
Apr 11 19:50:21 localhost kernel: ACPI: LAPIC_NMI (acpi_id[0x1d] high edge lint[0x1])
Apr 11 19:50:21 localhost kernel: ACPI: LAPIC_NMI (acpi_id[0x1e] high edge lint[0x1])
Apr 11 19:50:21 localhost kernel: ACPI: LAPIC_NMI (acpi_id[0x1f] high edge lint[0x1])
Apr 11 19:50:21 localhost kernel: ACPI: LAPIC_NMI (acpi_id[0x20] high edge lint[0x1])
Apr 11 19:50:21 localhost kernel: ACPI: LAPIC_NMI (acpi_id[0x21] high edge lint[0x1])
Apr 11 19:50:21 localhost kernel: ACPI: LAPIC_NMI (acpi_id[0x22] high edge lint[0x1])
Apr 11 19:50:21 localhost kernel: ACPI: LAPIC_NMI (acpi_id[0x23] high edge lint[0x1])
Apr 11 19:50:21 localhost kernel: ACPI: LAPIC_NMI (acpi_id[0x24] high edge lint[0x1])
Apr 11 19:50:21 localhost kernel: ACPI: LAPIC_NMI (acpi_id[0x25] high edge lint[0x1])
Apr 11 19:50:21 localhost kernel: ACPI: LAPIC_NMI (acpi_id[0x26] high edge lint[0x1])
Apr 11 19:50:21 localhost kernel: ACPI: LAPIC_NMI (acpi_id[0x27] high edge lint[0x1])
Apr 11 19:50:21 localhost kernel: ACPI: LAPIC_NMI (acpi_id[0x28] high edge lint[0x1])
Apr 11 19:50:21 localhost kernel: ACPI: LAPIC_NMI (acpi_id[0x29] high edge lint[0x1])
Apr 11 19:50:21 localhost kernel: ACPI: LAPIC_NMI (acpi_id[0x2a] high edge lint[0x1])
Apr 11 19:50:21 localhost kernel: ACPI: LAPIC_NMI (acpi_id[0x2b] high edge lint[0x1])
Apr 11 19:50:21 localhost kernel: ACPI: LAPIC_NMI (acpi_id[0x2c] high edge lint[0x1])
Apr 11 19:50:21 localhost kernel: ACPI: LAPIC_NMI (acpi_id[0x2d] high edge lint[0x1])
Apr 11 19:50:21 localhost kernel: ACPI: LAPIC_NMI (acpi_id[0x2e] high edge lint[0x1])
Apr 11 19:50:21 localhost kernel: ACPI: LAPIC_NMI (acpi_id[0x2f] high edge lint[0x1])
Apr 11 19:50:21 localhost kernel: ACPI: LAPIC_NMI (acpi_id[0x30] high edge lint[0x1])
Apr 11 19:50:21 localhost kernel: ACPI: LAPIC_NMI (acpi_id[0x31] high edge lint[0x1])
Apr 11 19:50:21 localhost kernel: ACPI: LAPIC_NMI (acpi_id[0x32] high edge lint[0x1])
Apr 11 19:50:21 localhost kernel: ACPI: LAPIC_NMI (acpi_id[0x33] high edge lint[0x1])
Apr 11 19:50:21 localhost kernel: ACPI: LAPIC_NMI (acpi_id[0x34] high edge lint[0x1])
Apr 11 19:50:21 localhost kernel: ACPI: LAPIC_NMI (acpi_id[0x35] high edge lint[0x1])
Apr 11 19:50:21 localhost kernel: ACPI: LAPIC_NMI (acpi_id[0x36] high edge lint[0x1])
Apr 11 19:50:21 localhost kernel: ACPI: LAPIC_NMI (acpi_id[0x37] high edge lint[0x1])
Apr 11 19:50:21 localhost kernel: ACPI: LAPIC_NMI (acpi_id[0x38] high edge lint[0x1])
Apr 11 19:50:21 localhost kernel: ACPI: LAPIC_NMI (acpi_id[0x39] high edge lint[0x1])
Apr 11 19:50:21 localhost kernel: ACPI: LAPIC_NMI (acpi_id[0x3a] high edge lint[0x1])
Apr 11 19:50:21 localhost kernel: ACPI: LAPIC_NMI (acpi_id[0x3b] high edge lint[0x1])
Apr 11 19:50:21 localhost kernel: ACPI: LAPIC_NMI (acpi_id[0x3c] high edge lint[0x1])
Apr 11 19:50:21 localhost kernel: ACPI: LAPIC_NMI (acpi_id[0x3d] high edge lint[0x1])
Apr 11 19:50:21 localhost kernel: ACPI: LAPIC_NMI (acpi_id[0x3e] high edge lint[0x1])
Apr 11 19:50:21 localhost kernel: ACPI: LAPIC_NMI (acpi_id[0x3f] high edge lint[0x1])
Apr 11 19:50:21 localhost kernel: ACPI: LAPIC_NMI (acpi_id[0x40] high edge lint[0x1])
Apr 11 19:50:21 localhost kernel: ACPI: LAPIC_NMI (acpi_id[0x41] high edge lint[0x1])
Apr 11 19:50:21 localhost kernel: ACPI: LAPIC_NMI (acpi_id[0x42] high edge lint[0x1])
Apr 11 19:50:21 localhost kernel: ACPI: LAPIC_NMI (acpi_id[0x43] high edge lint[0x1])
Apr 11 19:50:21 localhost kernel: ACPI: LAPIC_NMI (acpi_id[0x44] high edge lint[0x1])
Apr 11 19:50:21 localhost kernel: ACPI: LAPIC_NMI (acpi_id[0x45] high edge lint[0x1])
Apr 11 19:50:21 localhost kernel: ACPI: LAPIC_NMI (acpi_id[0x46] high edge lint[0x1])
Apr 11 19:50:21 localhost kernel: ACPI: LAPIC_NMI (acpi_id[0x47] high edge lint[0x1])
Apr 11 19:50:21 localhost kernel: ACPI: LAPIC_NMI (acpi_id[0x48] high edge lint[0x1])
Apr 11 19:50:21 localhost kernel: ACPI: LAPIC_NMI (acpi_id[0x49] high edge lint[0x1])
Apr 11 19:50:21 localhost kernel: ACPI: LAPIC_NMI (acpi_id[0x4a] high edge lint[0x1])
Apr 11 19:50:21 localhost kernel: ACPI: LAPIC_NMI (acpi_id[0x4b] high edge lint[0x1])
Apr 11 19:50:21 localhost kernel: ACPI: LAPIC_NMI (acpi_id[0x4c] high edge lint[0x1])
Apr 11 19:50:21 localhost kernel: ACPI: LAPIC_NMI (acpi_id[0x4d] high edge lint[0x1])
Apr 11 19:50:21 localhost kernel: ACPI: LAPIC_NMI (acpi_id[0x4e] high edge lint[0x1])
Apr 11 19:50:21 localhost kernel: ACPI: LAPIC_NMI (acpi_id[0x4f] high edge lint[0x1])
Apr 11 19:50:21 localhost kernel: ACPI: LAPIC_NMI (acpi_id[0x50] high edge lint[0x1])
Apr 11 19:50:21 localhost kernel: ACPI: LAPIC_NMI (acpi_id[0x51] high edge lint[0x1])
Apr 11 19:50:21 localhost kernel: ACPI: LAPIC_NMI (acpi_id[0x52] high edge lint[0x1])
Apr 11 19:50:21 localhost kernel: ACPI: LAPIC_NMI (acpi_id[0x53] high edge lint[0x1])
Apr 11 19:50:21 localhost kernel: ACPI: LAPIC_NMI (acpi_id[0x54] high edge lint[0x1])
Apr 11 19:50:21 localhost kernel: ACPI: LAPIC_NMI (acpi_id[0x55] high edge lint[0x1])
Apr 11 19:50:21 localhost kernel: ACPI: LAPIC_NMI (acpi_id[0x56] high edge lint[0x1])
Apr 11 19:50:21 localhost kernel: ACPI: LAPIC_NMI (acpi_id[0x57] high edge lint[0x1])
Apr 11 19:50:21 localhost kernel: ACPI: LAPIC_NMI (acpi_id[0x58] high edge lint[0x1])
Apr 11 19:50:21 localhost kernel: ACPI: LAPIC_NMI (acpi_id[0x59] high edge lint[0x1])
Apr 11 19:50:21 localhost kernel: ACPI: LAPIC_NMI (acpi_id[0x5a] high edge lint[0x1])
Apr 11 19:50:21 localhost kernel: ACPI: LAPIC_NMI (acpi_id[0x5b] high edge lint[0x1])
Apr 11 19:50:21 localhost kernel: ACPI: LAPIC_NMI (acpi_id[0x5c] high edge lint[0x1])
Apr 11 19:50:21 localhost kernel: ACPI: LAPIC_NMI (acpi_id[0x5d] high edge lint[0x1])
Apr 11 19:50:21 localhost kernel: ACPI: LAPIC_NMI (acpi_id[0x5e] high edge lint[0x1])
Apr 11 19:50:21 localhost kernel: ACPI: LAPIC_NMI (acpi_id[0x5f] high edge lint[0x1])
Apr 11 19:50:21 localhost kernel: ACPI: LAPIC_NMI (acpi_id[0x60] high edge lint[0x1])
Apr 11 19:50:21 localhost kernel: ACPI: LAPIC_NMI (acpi_id[0x61] high edge lint[0x1])
Apr 11 19:50:21 localhost kernel: ACPI: LAPIC_NMI (acpi_id[0x62] high edge lint[0x1])
Apr 11 19:50:21 localhost kernel: ACPI: LAPIC_NMI (acpi_id[0x63] high edge lint[0x1])
Apr 11 19:50:21 localhost kernel: ACPI: LAPIC_NMI (acpi_id[0x64] high edge lint[0x1])
Apr 11 19:50:21 localhost kernel: ACPI: LAPIC_NMI (acpi_id[0x65] high edge lint[0x1])
Apr 11 19:50:21 localhost kernel: ACPI: LAPIC_NMI (acpi_id[0x66] high edge lint[0x1])
Apr 11 19:50:21 localhost kernel: ACPI: LAPIC_NMI (acpi_id[0x67] high edge lint[0x1])
Apr 11 19:50:21 localhost kernel: ACPI: LAPIC_NMI (acpi_id[0x68] high edge lint[0x1])
Apr 11 19:50:21 localhost kernel: ACPI: LAPIC_NMI (acpi_id[0x69] high edge lint[0x1])
Apr 11 19:50:21 localhost kernel: ACPI: LAPIC_NMI (acpi_id[0x6a] high edge lint[0x1])
Apr 11 19:50:21 localhost kernel: ACPI: LAPIC_NMI (acpi_id[0x6b] high edge lint[0x1])
Apr 11 19:50:21 localhost kernel: ACPI: LAPIC_NMI (acpi_id[0x6c] high edge lint[0x1])
Apr 11 19:50:21 localhost kernel: ACPI: LAPIC_NMI (acpi_id[0x6d] high edge lint[0x1])
Apr 11 19:50:21 localhost kernel: ACPI: LAPIC_NMI (acpi_id[0x6e] high edge lint[0x1])
Apr 11 19:50:21 localhost kernel: ACPI: LAPIC_NMI (acpi_id[0x6f] high edge lint[0x1])
Apr 11 19:50:21 localhost kernel: ACPI: LAPIC_NMI (acpi_id[0x70] high edge lint[0x1])
Apr 11 19:50:21 localhost kernel: ACPI: LAPIC_NMI (acpi_id[0x71] high edge lint[0x1])
Apr 11 19:50:21 localhost kernel: ACPI: LAPIC_NMI (acpi_id[0x72] high edge lint[0x1])
Apr 11 19:50:21 localhost kernel: ACPI: LAPIC_NMI (acpi_id[0x73] high edge lint[0x1])
Apr 11 19:50:21 localhost kernel: ACPI: LAPIC_NMI (acpi_id[0x74] high edge lint[0x1])
Apr 11 19:50:21 localhost kernel: ACPI: LAPIC_NMI (acpi_id[0x75] high edge lint[0x1])
Apr 11 19:50:21 localhost kernel: ACPI: LAPIC_NMI (acpi_id[0x76] high edge lint[0x1])
Apr 11 19:50:21 localhost kernel: ACPI: LAPIC_NMI (acpi_id[0x77] high edge lint[0x1])
Apr 11 19:50:21 localhost kernel: ACPI: LAPIC_NMI (acpi_id[0x78] high edge lint[0x1])
Apr 11 19:50:21 localhost kernel: ACPI: LAPIC_NMI (acpi_id[0x79] high edge lint[0x1])
Apr 11 19:50:21 localhost kernel: ACPI: LAPIC_NMI (acpi_id[0x7a] high edge lint[0x1])
Apr 11 19:50:21 localhost kernel: ACPI: LAPIC_NMI (acpi_id[0x7b] high edge lint[0x1])
Apr 11 19:50:21 localhost kernel: ACPI: LAPIC_NMI (acpi_id[0x7c] high edge lint[0x1])
Apr 11 19:50:21 localhost kernel: ACPI: LAPIC_NMI (acpi_id[0x7d] high edge lint[0x1])
Apr 11 19:50:21 localhost kernel: ACPI: LAPIC_NMI (acpi_id[0x7e] high edge lint[0x1])
Apr 11 19:50:21 localhost kernel: ACPI: LAPIC_NMI (acpi_id[0x7f] high edge lint[0x1])
Apr 11 19:50:21 localhost kernel: IOAPIC[0]: apic_id 3, version 32, address 0xfec00000, GSI 0-23
Apr 11 19:50:21 localhost kernel: ACPI: INT_SRC_OVR (bus 0 bus_irq 0 global_irq 2 high edge)
Apr 11 19:50:21 localhost kernel: Using ACPI (MADT) for SMP configuration information
Apr 11 19:50:21 localhost kernel: ACPI: HPET id: 0x8086af01 base: 0xfed00000
Apr 11 19:50:21 localhost kernel: smpboot: Allowing 128 CPUs, 125 hotplug CPUs
Apr 11 19:50:21 localhost kernel: PM: Registered nosave memory: [mem 0x00000000-0x00000fff]
Apr 11 19:50:21 localhost kernel: PM: Registered nosave memory: [mem 0x0009e000-0x0009efff]
Apr 11 19:50:21 localhost kernel: PM: Registered nosave memory: [mem 0x0009f000-0x0009ffff]
Apr 11 19:50:21 localhost kernel: PM: Registered nosave memory: [mem 0x000a0000-0x000dbfff]
Apr 11 19:50:21 localhost kernel: PM: Registered nosave memory: [mem 0x000dc000-0x000fffff]
Apr 11 19:50:21 localhost kernel: PM: Registered nosave memory: [mem 0x92ee0000-0x92efefff]
Apr 11 19:50:21 localhost kernel: PM: Registered nosave memory: [mem 0x92eff000-0x92efffff]
Apr 11 19:50:21 localhost kernel: [mem 0x93000000-0xefffffff] available for PCI devices
Apr 11 19:50:21 localhost kernel: Booting paravirtualized kernel on VMware hypervisor
Apr 11 19:50:21 localhost kernel: clocksource: refined-jiffies: mask: 0xffffffff max_cycles: 0xffffffff, max_idle_ns: 1910969940391419 ns
Apr 11 19:50:21 localhost kernel: random: get_random_bytes called from start_kernel+0x93/0x558 with crng_init=0
Apr 11 19:50:21 localhost kernel: setup_percpu: NR_CPUS:1024 nr_cpumask_bits:128 nr_cpu_ids:128 nr_node_ids:1
Apr 11 19:50:21 localhost kernel: percpu: Embedded 45 pages/cpu @(____ptrval____) s147456 r8192 d28672 u262144
Apr 11 19:50:21 localhost kernel: Built 1 zonelists, mobility grouping on.  Total pages: 592552
Apr 11 19:50:21 localhost kernel: Policy zone: DMA32
Apr 11 19:50:21 localhost kernel: Kernel command line: BOOT_IMAGE=/vmlinuz-4.18.16-300.fc29.x86_64 root=/dev/mapper/fedora-root ro resume=/dev/mapper/fedora-swap rd.lvm.lv=fedora/root rd.lvm.lv=fedora/swap rhgb quiet LANG=en_US.UTF-8
Apr 11 19:50:21 localhost kernel: log_buf_len individual max cpu contribution: 4096 bytes
Apr 11 19:50:21 localhost kernel: log_buf_len total cpu_extra contributions: 520192 bytes
Apr 11 19:50:21 localhost kernel: log_buf_len min size: 262144 bytes
Apr 11 19:50:21 localhost kernel: log_buf_len: 1048576 bytes
Apr 11 19:50:21 localhost kernel: early log buf free: 236760(90%)
Apr 11 19:50:21 localhost kernel: Memory: 2293900K/2407924K available (12300K kernel code, 1624K rwdata, 4056K rodata, 2160K init, 1336K bss, 114024K reserved, 0K cma-reserved)
Apr 11 19:50:21 localhost kernel: SLUB: HWalign=64, Order=0-3, MinObjects=0, CPUs=128, Nodes=1
Apr 11 19:50:21 localhost kernel: Kernel/User page tables isolation: enabled
Apr 11 19:50:21 localhost kernel: ftrace: allocating 37988 entries in 149 pages
Apr 11 19:50:21 localhost kernel: Hierarchical RCU implementation.
Apr 11 19:50:21 localhost kernel: #011RCU restricting CPUs from NR_CPUS=1024 to nr_cpu_ids=128.
Apr 11 19:50:21 localhost kernel: #011Tasks RCU enabled.
Apr 11 19:50:21 localhost kernel: RCU: Adjusting geometry for rcu_fanout_leaf=16, nr_cpu_ids=128
Apr 11 19:50:21 localhost kernel: NR_IRQS: 65792, nr_irqs: 1448, preallocated irqs: 16
Apr 11 19:50:21 localhost kernel: Console: colour VGA+ 80x25
Apr 11 19:50:21 localhost kernel: console [tty0] enabled
Apr 11 19:50:21 localhost kernel: ACPI: Core revision 20180531
Apr 11 19:50:21 localhost kernel: clocksource: hpet: mask: 0xffffffff max_cycles: 0xffffffff, max_idle_ns: 133484882848 ns
Apr 11 19:50:21 localhost kernel: APIC: Switch to symmetric I/O mode setup
Apr 11 19:50:21 localhost kernel: x2apic enabled
Apr 11 19:50:21 localhost kernel: Switched APIC routing to physical x2apic.
Apr 11 19:50:21 localhost kernel: ..TIMER: vector=0x30 apic1=0 pin1=2 apic2=-1 pin2=-1
Apr 11 19:50:21 localhost kernel: tsc: Detected 2304.001 MHz processor
Apr 11 19:50:21 localhost kernel: clocksource: tsc-early: mask: 0xffffffffffffffff max_cycles: 0x2135f8984a8, max_idle_ns: 440795232764 ns
Apr 11 19:50:21 localhost kernel: Calibrating delay loop (skipped) preset value.. 4608.00 BogoMIPS (lpj=2304001)
Apr 11 19:50:21 localhost kernel: pid_max: default: 131072 minimum: 1024
Apr 11 19:50:21 localhost kernel: Security Framework initialized
Apr 11 19:50:21 localhost kernel: Yama: becoming mindful.
Apr 11 19:50:21 localhost kernel: SELinux:  Initializing.
Apr 11 19:50:21 localhost kernel: Dentry cache hash table entries: 524288 (order: 10, 4194304 bytes)
Apr 11 19:50:21 localhost kernel: Inode-cache hash table entries: 262144 (order: 9, 2097152 bytes)
Apr 11 19:50:21 localhost kernel: Mount-cache hash table entries: 8192 (order: 4, 65536 bytes)
Apr 11 19:50:21 localhost kernel: Mountpoint-cache hash table entries: 8192 (order: 4, 65536 bytes)
Apr 11 19:50:21 localhost kernel: Disabled fast string operations
Apr 11 19:50:21 localhost kernel: mce: CPU supports 8 MCE banks
Apr 11 19:50:21 localhost kernel: Last level iTLB entries: 4KB 64, 2MB 8, 4MB 8
Apr 11 19:50:21 localhost kernel: Last level dTLB entries: 4KB 64, 2MB 0, 4MB 0, 1GB 4
Apr 11 19:50:21 localhost kernel: Spectre V2 : Mitigation: Full generic retpoline
Apr 11 19:50:21 localhost kernel: Spectre V2 : Spectre v2 / SpectreRSB mitigation: Filling RSB on context switch
Apr 11 19:50:21 localhost kernel: Spectre V2 : Spectre v2 mitigation: Enabling Indirect Branch Prediction Barrier
Apr 11 19:50:21 localhost kernel: Spectre V2 : Enabling Restricted Speculation for firmware calls
Apr 11 19:50:21 localhost kernel: Speculative Store Bypass: Mitigation: Speculative Store Bypass disabled via prctl and seccomp
Apr 11 19:50:21 localhost kernel: Freeing SMP alternatives memory: 36K
Apr 11 19:50:21 localhost kernel: smpboot: CPU0: Intel(R) Core(TM) i5-8300H CPU @ 2.30GHz (family: 0x6, model: 0x9e, stepping: 0xa)
Apr 11 19:50:21 localhost kernel: Performance Events: Skylake events, core PMU driver.
Apr 11 19:50:21 localhost kernel: core: CPUID marked event: 'cpu cycles' unavailable
Apr 11 19:50:21 localhost kernel: core: CPUID marked event: 'instructions' unavailable
Apr 11 19:50:21 localhost kernel: core: CPUID marked event: 'bus cycles' unavailable
Apr 11 19:50:21 localhost kernel: core: CPUID marked event: 'cache references' unavailable
Apr 11 19:50:21 localhost kernel: core: CPUID marked event: 'cache misses' unavailable
Apr 11 19:50:21 localhost kernel: core: CPUID marked event: 'branch instructions' unavailable
Apr 11 19:50:21 localhost kernel: core: CPUID marked event: 'branch misses' unavailable
Apr 11 19:50:21 localhost kernel: ... version:                1
Apr 11 19:50:21 localhost kernel: ... bit width:              48
Apr 11 19:50:21 localhost kernel: ... generic registers:      4
Apr 11 19:50:21 localhost kernel: ... value mask:             0000ffffffffffff
Apr 11 19:50:21 localhost kernel: ... max period:             000000007fffffff
Apr 11 19:50:21 localhost kernel: ... fixed-purpose events:   0
Apr 11 19:50:21 localhost kernel: ... event mask:             000000000000000f
Apr 11 19:50:21 localhost kernel: Hierarchical SRCU implementation.
Apr 11 19:50:21 localhost kernel: random: crng done (trusting CPU's manufacturer)
Apr 11 19:50:21 localhost kernel: NMI watchdog: Perf event create on CPU 0 failed with -2
Apr 11 19:50:21 localhost kernel: NMI watchdog: Perf NMI watchdog permanently disabled
Apr 11 19:50:21 localhost kernel: smp: Bringing up secondary CPUs ...
Apr 11 19:50:21 localhost kernel: x86: Booting SMP configuration:
Apr 11 19:50:21 localhost kernel: .... node  #0, CPUs:          #1
Apr 11 19:50:21 localhost kernel: Disabled fast string operations
Apr 11 19:50:21 localhost kernel:   #2
Apr 11 19:50:21 localhost kernel: Disabled fast string operations
Apr 11 19:50:21 localhost kernel: smp: Brought up 1 node, 3 CPUs
Apr 11 19:50:21 localhost kernel: smpboot: Max logical packages: 43
Apr 11 19:50:21 localhost kernel: smpboot: Total of 3 processors activated (13824.00 BogoMIPS)
Apr 11 19:50:21 localhost kernel: devtmpfs: initialized
Apr 11 19:50:21 localhost kernel: x86/mm: Memory block size: 128MB
Apr 11 19:50:21 localhost kernel: PM: Registering ACPI NVS region [mem 0x92eff000-0x92efffff] (4096 bytes)
Apr 11 19:50:21 localhost kernel: clocksource: jiffies: mask: 0xffffffff max_cycles: 0xffffffff, max_idle_ns: 1911260446275000 ns
Apr 11 19:50:21 localhost kernel: futex hash table entries: 32768 (order: 9, 2097152 bytes)
Apr 11 19:50:21 localhost kernel: pinctrl core: initialized pinctrl subsystem
Apr 11 19:50:21 localhost kernel: RTC time:  2:50:18, date: 04/12/19
Apr 11 19:50:21 localhost kernel: NET: Registered protocol family 16
Apr 11 19:50:21 localhost kernel: audit: initializing netlink subsys (disabled)
Apr 11 19:50:21 localhost kernel: audit: type=2000 audit(1555037418.154:1): state=initialized audit_enabled=0 res=1
Apr 11 19:50:21 localhost kernel: cpuidle: using governor menu
Apr 11 19:50:21 localhost kernel: Simple Boot Flag at 0x36 set to 0x80
Apr 11 19:50:21 localhost kernel: ACPI: bus type PCI registered
Apr 11 19:50:21 localhost kernel: acpiphp: ACPI Hot Plug PCI Controller Driver version: 0.5
Apr 11 19:50:21 localhost kernel: PCI: MMCONFIG for domain 0000 [bus 00-7f] at [mem 0xf0000000-0xf7ffffff] (base 0xf0000000)
Apr 11 19:50:21 localhost kernel: PCI: MMCONFIG at [mem 0xf0000000-0xf7ffffff] reserved in E820
Apr 11 19:50:21 localhost kernel: pmd_set_huge: Cannot satisfy [mem 0xf0000000-0xf0200000] with a huge-page mapping due to MTRR override.
Apr 11 19:50:21 localhost kernel: PCI: Using configuration type 1 for base access
Apr 11 19:50:21 localhost kernel: HugeTLB registered 1.00 GiB page size, pre-allocated 0 pages
Apr 11 19:50:21 localhost kernel: HugeTLB registered 2.00 MiB page size, pre-allocated 0 pages
Apr 11 19:50:21 localhost kernel: cryptd: max_cpu_qlen set to 1000
Apr 11 19:50:21 localhost kernel: ACPI: Added _OSI(Module Device)
Apr 11 19:50:21 localhost kernel: ACPI: Added _OSI(Processor Device)
Apr 11 19:50:21 localhost kernel: ACPI: Added _OSI(3.0 _SCP Extensions)
Apr 11 19:50:21 localhost kernel: ACPI: Added _OSI(Processor Aggregator Device)
Apr 11 19:50:21 localhost kernel: ACPI: Added _OSI(Linux-Dell-Video)
Apr 11 19:50:21 localhost kernel: ACPI: 1 ACPI AML tables successfully acquired and loaded
Apr 11 19:50:21 localhost kernel: ACPI: [Firmware Bug]: BIOS _OSI(Linux) query ignored
Apr 11 19:50:21 localhost kernel: ACPI: Interpreter enabled
Apr 11 19:50:21 localhost kernel: ACPI: (supports S0 S1 S4 S5)
Apr 11 19:50:21 localhost kernel: ACPI: Using IOAPIC for interrupt routing
Apr 11 19:50:21 localhost kernel: PCI: Using host bridge windows from ACPI; if necessary, use "pci=nocrs" and report a bug
Apr 11 19:50:21 localhost kernel: ACPI: Enabled 4 GPEs in block 00 to 0F
Apr 11 19:50:21 localhost kernel: ACPI: PCI Root Bridge [PCI0] (domain 0000 [bus 00-7f])
Apr 11 19:50:21 localhost kernel: acpi PNP0A03:00: _OSC: OS supports [ExtendedConfig ASPM ClockPM Segments MSI]
Apr 11 19:50:21 localhost kernel: acpi PNP0A03:00: _OSC: platform does not support [AER LTR]
Apr 11 19:50:21 localhost kernel: acpi PNP0A03:00: _OSC: OS now controls [PCIeHotplug SHPCHotplug PME PCIeCapability]
Apr 11 19:50:21 localhost kernel: PCI host bridge to bus 0000:00
Apr 11 19:50:21 localhost kernel: pci_bus 0000:00: root bus resource [mem 0x000a0000-0x000bffff window]
Apr 11 19:50:21 localhost kernel: pci_bus 0000:00: root bus resource [mem 0x000cc000-0x000cffff window]
Apr 11 19:50:21 localhost kernel: pci_bus 0000:00: root bus resource [mem 0x000d0000-0x000d3fff window]
Apr 11 19:50:21 localhost kernel: pci_bus 0000:00: root bus resource [mem 0x000d4000-0x000d7fff window]
Apr 11 19:50:21 localhost kernel: pci_bus 0000:00: root bus resource [mem 0x000d8000-0x000dbfff window]
Apr 11 19:50:21 localhost kernel: pci_bus 0000:00: root bus resource [mem 0xc0000000-0xfebfffff window]
Apr 11 19:50:21 localhost kernel: pci_bus 0000:00: root bus resource [io  0x0000-0x0cf7 window]
Apr 11 19:50:21 localhost kernel: pci_bus 0000:00: root bus resource [io  0x0d00-0xfeff window]
Apr 11 19:50:21 localhost kernel: pci_bus 0000:00: root bus resource [bus 00-7f]
Apr 11 19:50:21 localhost kernel: pci 0000:00:07.1: legacy IDE quirk: reg 0x10: [io  0x01f0-0x01f7]
Apr 11 19:50:21 localhost kernel: pci 0000:00:07.1: legacy IDE quirk: reg 0x14: [io  0x03f6]
Apr 11 19:50:21 localhost kernel: pci 0000:00:07.1: legacy IDE quirk: reg 0x18: [io  0x0170-0x0177]
Apr 11 19:50:21 localhost kernel: pci 0000:00:07.1: legacy IDE quirk: reg 0x1c: [io  0x0376]
Apr 11 19:50:21 localhost kernel: pci 0000:00:07.3: quirk: [io  0x1000-0x103f] claimed by PIIX4 ACPI
Apr 11 19:50:21 localhost kernel: pci 0000:00:07.3: quirk: [io  0x1040-0x104f] claimed by PIIX4 SMB
Apr 11 19:50:21 localhost kernel: pci_bus 0000:01: extended config space not accessible
Apr 11 19:50:21 localhost kernel: pci 0000:00:01.0: PCI bridge to [bus 01]
Apr 11 19:50:21 localhost kernel: pci_bus 0000:02: extended config space not accessible
Apr 11 19:50:21 localhost kernel: acpiphp: Slot [32] registered
Apr 11 19:50:21 localhost kernel: acpiphp: Slot [33] registered
Apr 11 19:50:21 localhost kernel: acpiphp: Slot [34] registered
Apr 11 19:50:21 localhost kernel: acpiphp: Slot [35] registered
Apr 11 19:50:21 localhost kernel: acpiphp: Slot [36] registered
Apr 11 19:50:21 localhost kernel: acpiphp: Slot [37] registered
Apr 11 19:50:21 localhost kernel: acpiphp: Slot [38] registered
Apr 11 19:50:21 localhost kernel: acpiphp: Slot [39] registered
Apr 11 19:50:21 localhost kernel: acpiphp: Slot [40] registered
Apr 11 19:50:21 localhost kernel: acpiphp: Slot [41] registered
Apr 11 19:50:21 localhost kernel: acpiphp: Slot [42] registered
Apr 11 19:50:21 localhost kernel: acpiphp: Slot [43] registered
Apr 11 19:50:21 localhost kernel: acpiphp: Slot [44] registered
Apr 11 19:50:21 localhost kernel: acpiphp: Slot [45] registered
Apr 11 19:50:21 localhost kernel: acpiphp: Slot [46] registered
Apr 11 19:50:21 localhost kernel: acpiphp: Slot [47] registered
Apr 11 19:50:21 localhost kernel: acpiphp: Slot [48] registered
Apr 11 19:50:21 localhost kernel: acpiphp: Slot [49] registered
Apr 11 19:50:21 localhost kernel: acpiphp: Slot [50] registered
Apr 11 19:50:21 localhost kernel: acpiphp: Slot [51] registered
Apr 11 19:50:21 localhost kernel: acpiphp: Slot [52] registered
Apr 11 19:50:21 localhost kernel: acpiphp: Slot [53] registered
Apr 11 19:50:21 localhost kernel: acpiphp: Slot [54] registered
Apr 11 19:50:21 localhost kernel: acpiphp: Slot [55] registered
Apr 11 19:50:21 localhost kernel: acpiphp: Slot [56] registered
Apr 11 19:50:21 localhost kernel: acpiphp: Slot [57] registered
Apr 11 19:50:21 localhost kernel: acpiphp: Slot [58] registered
Apr 11 19:50:21 localhost kernel: acpiphp: Slot [59] registered
Apr 11 19:50:21 localhost kernel: acpiphp: Slot [60] registered
Apr 11 19:50:21 localhost kernel: acpiphp: Slot [61] registered
Apr 11 19:50:21 localhost kernel: acpiphp: Slot [62] registered
Apr 11 19:50:21 localhost kernel: acpiphp: Slot [63] registered
Apr 11 19:50:21 localhost kernel: pci 0000:00:11.0: PCI bridge to [bus 02] (subtractive decode)
Apr 11 19:50:21 localhost kernel: pci 0000:00:15.0: PCI bridge to [bus 03]
Apr 11 19:50:21 localhost kernel: pci 0000:00:15.1: PCI bridge to [bus 04]
Apr 11 19:50:21 localhost kernel: pci 0000:00:15.2: PCI bridge to [bus 05]
Apr 11 19:50:21 localhost kernel: pci 0000:00:15.3: PCI bridge to [bus 06]
Apr 11 19:50:21 localhost kernel: pci 0000:00:15.4: PCI bridge to [bus 07]
Apr 11 19:50:21 localhost kernel: pci 0000:00:15.5: PCI bridge to [bus 08]
Apr 11 19:50:21 localhost kernel: pci 0000:00:15.6: PCI bridge to [bus 09]
Apr 11 19:50:21 localhost kernel: pci 0000:00:15.7: PCI bridge to [bus 0a]
Apr 11 19:50:21 localhost kernel: pci 0000:00:16.0: PCI bridge to [bus 0b]
Apr 11 19:50:21 localhost kernel: pci 0000:00:16.1: PCI bridge to [bus 0c]
Apr 11 19:50:21 localhost kernel: pci 0000:00:16.2: PCI bridge to [bus 0d]
Apr 11 19:50:21 localhost kernel: pci 0000:00:16.3: PCI bridge to [bus 0e]
Apr 11 19:50:21 localhost kernel: pci 0000:00:16.4: PCI bridge to [bus 0f]
Apr 11 19:50:21 localhost kernel: pci 0000:00:16.5: PCI bridge to [bus 10]
Apr 11 19:50:21 localhost kernel: pci 0000:00:16.6: PCI bridge to [bus 11]
Apr 11 19:50:21 localhost kernel: pci 0000:00:16.7: PCI bridge to [bus 12]
Apr 11 19:50:21 localhost kernel: pci 0000:00:17.0: PCI bridge to [bus 13]
Apr 11 19:50:21 localhost kernel: pci 0000:00:17.1: PCI bridge to [bus 14]
Apr 11 19:50:21 localhost kernel: pci 0000:00:17.2: PCI bridge to [bus 15]
Apr 11 19:50:21 localhost kernel: pci 0000:00:17.3: PCI bridge to [bus 16]
Apr 11 19:50:21 localhost kernel: pci 0000:00:17.4: PCI bridge to [bus 17]
Apr 11 19:50:21 localhost kernel: pci 0000:00:17.5: PCI bridge to [bus 18]
Apr 11 19:50:21 localhost kernel: pci 0000:00:17.6: PCI bridge to [bus 19]
Apr 11 19:50:21 localhost kernel: pci 0000:00:17.7: PCI bridge to [bus 1a]
Apr 11 19:50:21 localhost kernel: pci 0000:00:18.0: PCI bridge to [bus 1b]
Apr 11 19:50:21 localhost kernel: pci 0000:00:18.1: PCI bridge to [bus 1c]
Apr 11 19:50:21 localhost kernel: pci 0000:00:18.2: PCI bridge to [bus 1d]
Apr 11 19:50:21 localhost kernel: pci 0000:00:18.3: PCI bridge to [bus 1e]
Apr 11 19:50:21 localhost kernel: pci 0000:00:18.4: PCI bridge to [bus 1f]
Apr 11 19:50:21 localhost kernel: pci 0000:00:18.5: PCI bridge to [bus 20]
Apr 11 19:50:21 localhost kernel: pci 0000:00:18.6: PCI bridge to [bus 21]
Apr 11 19:50:21 localhost kernel: pci 0000:00:18.7: PCI bridge to [bus 22]
Apr 11 19:50:21 localhost kernel: ACPI: PCI Interrupt Link [LNKA] (IRQs 3 4 5 6 7 *9 10 11 14 15)
Apr 11 19:50:21 localhost kernel: ACPI: PCI Interrupt Link [LNKB] (IRQs 3 4 5 6 7 9 10 *11 14 15)
Apr 11 19:50:21 localhost kernel: ACPI: PCI Interrupt Link [LNKC] (IRQs 3 4 5 6 7 9 *10 11 14 15)
Apr 11 19:50:21 localhost kernel: ACPI: PCI Interrupt Link [LNKD] (IRQs 3 4 5 6 *7 9 10 11 14 15)
Apr 11 19:50:21 localhost kernel: pci 0000:00:0f.0: vgaarb: setting as boot VGA device
Apr 11 19:50:21 localhost kernel: pci 0000:00:0f.0: vgaarb: VGA device added: decodes=io+mem,owns=io+mem,locks=none
Apr 11 19:50:21 localhost kernel: pci 0000:00:0f.0: vgaarb: bridge control possible
Apr 11 19:50:21 localhost kernel: vgaarb: loaded
Apr 11 19:50:21 localhost kernel: SCSI subsystem initialized
Apr 11 19:50:21 localhost kernel: ACPI: bus type USB registered
Apr 11 19:50:21 localhost kernel: usbcore: registered new interface driver usbfs
Apr 11 19:50:21 localhost kernel: usbcore: registered new interface driver hub
Apr 11 19:50:21 localhost kernel: usbcore: registered new device driver usb
Apr 11 19:50:21 localhost kernel: pps_core: LinuxPPS API ver. 1 registered
Apr 11 19:50:21 localhost kernel: pps_core: Software ver. 5.3.6 - Copyright 2005-2007 Rodolfo Giometti <giometti@linux.it>
Apr 11 19:50:21 localhost kernel: PTP clock support registered
Apr 11 19:50:21 localhost kernel: EDAC MC: Ver: 3.0.0
Apr 11 19:50:21 localhost kernel: PCI: Using ACPI for IRQ routing
Apr 11 19:50:21 localhost kernel: NetLabel: Initializing
Apr 11 19:50:21 localhost kernel: NetLabel:  domain hash size = 128
Apr 11 19:50:21 localhost kernel: NetLabel:  protocols = UNLABELED CIPSOv4 CALIPSO
Apr 11 19:50:21 localhost kernel: NetLabel:  unlabeled traffic allowed by default
Apr 11 19:50:21 localhost kernel: hpet0: at MMIO 0xfed00000, IRQs 2, 8, 0, 0, 0, 0, 0, 0, 0, 0, 0, 0, 0, 0, 0, 0
Apr 11 19:50:21 localhost kernel: hpet0: 16 comparators, 64-bit 14.318180 MHz counter
Apr 11 19:50:21 localhost kernel: clocksource: Switched to clocksource tsc-early
Apr 11 19:50:21 localhost kernel: VFS: Disk quotas dquot_6.6.0
Apr 11 19:50:21 localhost kernel: VFS: Dquot-cache hash table entries: 512 (order 0, 4096 bytes)
Apr 11 19:50:21 localhost kernel: pnp: PnP ACPI init
Apr 11 19:50:21 localhost kernel: system 00:00: [io  0x1000-0x103f] has been reserved
Apr 11 19:50:21 localhost kernel: system 00:00: [io  0x1040-0x104f] has been reserved
Apr 11 19:50:21 localhost kernel: system 00:00: [io  0x0cf0-0x0cf1] has been reserved
Apr 11 19:50:21 localhost kernel: system 00:04: [mem 0xfed00000-0xfed003ff] has been reserved
Apr 11 19:50:21 localhost kernel: system 00:06: [io  0xfce0-0xfcff] has been reserved
Apr 11 19:50:21 localhost kernel: system 00:06: [mem 0xf0000000-0xf7ffffff] has been reserved
Apr 11 19:50:21 localhost kernel: system 00:06: [mem 0xfe800000-0xfe9fffff] has been reserved
Apr 11 19:50:21 localhost kernel: pnp: PnP ACPI: found 7 devices
Apr 11 19:50:21 localhost kernel: clocksource: acpi_pm: mask: 0xffffff max_cycles: 0xffffff, max_idle_ns: 2085701024 ns
Apr 11 19:50:21 localhost kernel: pci 0000:00:0f.0: BAR 6: assigned [mem 0xc0000000-0xc0007fff pref]
Apr 11 19:50:21 localhost kernel: pci 0000:00:10.0: BAR 6: assigned [mem 0xc0008000-0xc000bfff pref]
Apr 11 19:50:21 localhost kernel: pci 0000:00:15.3: BAR 13: no space for [io  size 0x1000]
Apr 11 19:50:21 localhost kernel: pci 0000:00:15.3: BAR 13: failed to assign [io  size 0x1000]
Apr 11 19:50:21 localhost kernel: pci 0000:00:15.4: BAR 13: no space for [io  size 0x1000]
Apr 11 19:50:21 localhost kernel: pci 0000:00:15.4: BAR 13: failed to assign [io  size 0x1000]
Apr 11 19:50:21 localhost kernel: pci 0000:00:15.5: BAR 13: no space for [io  size 0x1000]
Apr 11 19:50:21 localhost kernel: pci 0000:00:15.5: BAR 13: failed to assign [io  size 0x1000]
Apr 11 19:50:21 localhost kernel: pci 0000:00:15.6: BAR 13: no space for [io  size 0x1000]
Apr 11 19:50:21 localhost kernel: pci 0000:00:15.6: BAR 13: failed to assign [io  size 0x1000]
Apr 11 19:50:21 localhost kernel: pci 0000:00:15.7: BAR 13: no space for [io  size 0x1000]
Apr 11 19:50:21 localhost kernel: pci 0000:00:15.7: BAR 13: failed to assign [io  size 0x1000]
Apr 11 19:50:21 localhost kernel: pci 0000:00:16.3: BAR 13: no space for [io  size 0x1000]
Apr 11 19:50:21 localhost kernel: pci 0000:00:16.3: BAR 13: failed to assign [io  size 0x1000]
Apr 11 19:50:21 localhost kernel: pci 0000:00:16.4: BAR 13: no space for [io  size 0x1000]
Apr 11 19:50:21 localhost kernel: pci 0000:00:16.4: BAR 13: failed to assign [io  size 0x1000]
Apr 11 19:50:21 localhost kernel: pci 0000:00:16.5: BAR 13: no space for [io  size 0x1000]
Apr 11 19:50:21 localhost kernel: pci 0000:00:16.5: BAR 13: failed to assign [io  size 0x1000]
Apr 11 19:50:21 localhost kernel: pci 0000:00:16.6: BAR 13: no space for [io  size 0x1000]
Apr 11 19:50:21 localhost kernel: pci 0000:00:16.6: BAR 13: failed to assign [io  size 0x1000]
Apr 11 19:50:21 localhost kernel: pci 0000:00:16.7: BAR 13: no space for [io  size 0x1000]
Apr 11 19:50:21 localhost kernel: pci 0000:00:16.7: BAR 13: failed to assign [io  size 0x1000]
Apr 11 19:50:21 localhost kernel: pci 0000:00:17.3: BAR 13: no space for [io  size 0x1000]
Apr 11 19:50:21 localhost kernel: pci 0000:00:17.3: BAR 13: failed to assign [io  size 0x1000]
Apr 11 19:50:21 localhost kernel: pci 0000:00:17.4: BAR 13: no space for [io  size 0x1000]
Apr 11 19:50:21 localhost kernel: pci 0000:00:17.4: BAR 13: failed to assign [io  size 0x1000]
Apr 11 19:50:21 localhost kernel: pci 0000:00:17.5: BAR 13: no space for [io  size 0x1000]
Apr 11 19:50:21 localhost kernel: pci 0000:00:17.5: BAR 13: failed to assign [io  size 0x1000]
Apr 11 19:50:21 localhost kernel: pci 0000:00:17.6: BAR 13: no space for [io  size 0x1000]
Apr 11 19:50:21 localhost kernel: pci 0000:00:17.6: BAR 13: failed to assign [io  size 0x1000]
Apr 11 19:50:21 localhost kernel: pci 0000:00:17.7: BAR 13: no space for [io  size 0x1000]
Apr 11 19:50:21 localhost kernel: pci 0000:00:17.7: BAR 13: failed to assign [io  size 0x1000]
Apr 11 19:50:21 localhost kernel: pci 0000:00:18.2: BAR 13: no space for [io  size 0x1000]
Apr 11 19:50:21 localhost kernel: pci 0000:00:18.2: BAR 13: failed to assign [io  size 0x1000]
Apr 11 19:50:21 localhost kernel: pci 0000:00:18.3: BAR 13: no space for [io  size 0x1000]
Apr 11 19:50:21 localhost kernel: pci 0000:00:18.3: BAR 13: failed to assign [io  size 0x1000]
Apr 11 19:50:21 localhost kernel: pci 0000:00:18.4: BAR 13: no space for [io  size 0x1000]
Apr 11 19:50:21 localhost kernel: pci 0000:00:18.4: BAR 13: failed to assign [io  size 0x1000]
Apr 11 19:50:21 localhost kernel: pci 0000:00:18.5: BAR 13: no space for [io  size 0x1000]
Apr 11 19:50:21 localhost kernel: pci 0000:00:18.5: BAR 13: failed to assign [io  size 0x1000]
Apr 11 19:50:21 localhost kernel: pci 0000:00:18.6: BAR 13: no space for [io  size 0x1000]
Apr 11 19:50:21 localhost kernel: pci 0000:00:18.6: BAR 13: failed to assign [io  size 0x1000]
Apr 11 19:50:21 localhost kernel: pci 0000:00:18.7: BAR 13: no space for [io  size 0x1000]
Apr 11 19:50:21 localhost kernel: pci 0000:00:18.7: BAR 13: failed to assign [io  size 0x1000]
Apr 11 19:50:21 localhost kernel: pci 0000:00:18.7: BAR 13: no space for [io  size 0x1000]
Apr 11 19:50:21 localhost kernel: pci 0000:00:18.7: BAR 13: failed to assign [io  size 0x1000]
Apr 11 19:50:21 localhost kernel: pci 0000:00:18.6: BAR 13: no space for [io  size 0x1000]
Apr 11 19:50:21 localhost kernel: pci 0000:00:18.6: BAR 13: failed to assign [io  size 0x1000]
Apr 11 19:50:21 localhost kernel: pci 0000:00:18.5: BAR 13: no space for [io  size 0x1000]
Apr 11 19:50:21 localhost kernel: pci 0000:00:18.5: BAR 13: failed to assign [io  size 0x1000]
Apr 11 19:50:21 localhost kernel: pci 0000:00:18.4: BAR 13: no space for [io  size 0x1000]
Apr 11 19:50:21 localhost kernel: pci 0000:00:18.4: BAR 13: failed to assign [io  size 0x1000]
Apr 11 19:50:21 localhost kernel: pci 0000:00:18.3: BAR 13: no space for [io  size 0x1000]
Apr 11 19:50:21 localhost kernel: pci 0000:00:18.3: BAR 13: failed to assign [io  size 0x1000]
Apr 11 19:50:21 localhost kernel: pci 0000:00:18.2: BAR 13: no space for [io  size 0x1000]
Apr 11 19:50:21 localhost kernel: pci 0000:00:18.2: BAR 13: failed to assign [io  size 0x1000]
Apr 11 19:50:21 localhost kernel: pci 0000:00:17.7: BAR 13: no space for [io  size 0x1000]
Apr 11 19:50:21 localhost kernel: pci 0000:00:17.7: BAR 13: failed to assign [io  size 0x1000]
Apr 11 19:50:21 localhost kernel: pci 0000:00:17.6: BAR 13: no space for [io  size 0x1000]
Apr 11 19:50:21 localhost kernel: pci 0000:00:17.6: BAR 13: failed to assign [io  size 0x1000]
Apr 11 19:50:21 localhost kernel: pci 0000:00:17.5: BAR 13: no space for [io  size 0x1000]
Apr 11 19:50:21 localhost kernel: pci 0000:00:17.5: BAR 13: failed to assign [io  size 0x1000]
Apr 11 19:50:21 localhost kernel: pci 0000:00:17.4: BAR 13: no space for [io  size 0x1000]
Apr 11 19:50:21 localhost kernel: pci 0000:00:17.4: BAR 13: failed to assign [io  size 0x1000]
Apr 11 19:50:21 localhost kernel: pci 0000:00:17.3: BAR 13: no space for [io  size 0x1000]
Apr 11 19:50:21 localhost kernel: pci 0000:00:17.3: BAR 13: failed to assign [io  size 0x1000]
Apr 11 19:50:21 localhost kernel: pci 0000:00:16.7: BAR 13: no space for [io  size 0x1000]
Apr 11 19:50:21 localhost kernel: pci 0000:00:16.7: BAR 13: failed to assign [io  size 0x1000]
Apr 11 19:50:21 localhost kernel: pci 0000:00:16.6: BAR 13: no space for [io  size 0x1000]
Apr 11 19:50:21 localhost kernel: pci 0000:00:16.6: BAR 13: failed to assign [io  size 0x1000]
Apr 11 19:50:21 localhost kernel: pci 0000:00:16.5: BAR 13: no space for [io  size 0x1000]
Apr 11 19:50:21 localhost kernel: pci 0000:00:16.5: BAR 13: failed to assign [io  size 0x1000]
Apr 11 19:50:21 localhost kernel: pci 0000:00:16.4: BAR 13: no space for [io  size 0x1000]
Apr 11 19:50:21 localhost kernel: pci 0000:00:16.4: BAR 13: failed to assign [io  size 0x1000]
Apr 11 19:50:21 localhost kernel: pci 0000:00:16.3: BAR 13: no space for [io  size 0x1000]
Apr 11 19:50:21 localhost kernel: pci 0000:00:16.3: BAR 13: failed to assign [io  size 0x1000]
Apr 11 19:50:21 localhost kernel: pci 0000:00:15.7: BAR 13: no space for [io  size 0x1000]
Apr 11 19:50:21 localhost kernel: pci 0000:00:15.7: BAR 13: failed to assign [io  size 0x1000]
Apr 11 19:50:21 localhost kernel: pci 0000:00:15.6: BAR 13: no space for [io  size 0x1000]
Apr 11 19:50:21 localhost kernel: pci 0000:00:15.6: BAR 13: failed to assign [io  size 0x1000]
Apr 11 19:50:21 localhost kernel: pci 0000:00:15.5: BAR 13: no space for [io  size 0x1000]
Apr 11 19:50:21 localhost kernel: pci 0000:00:15.5: BAR 13: failed to assign [io  size 0x1000]
Apr 11 19:50:21 localhost kernel: pci 0000:00:15.4: BAR 13: no space for [io  size 0x1000]
Apr 11 19:50:21 localhost kernel: pci 0000:00:15.4: BAR 13: failed to assign [io  size 0x1000]
Apr 11 19:50:21 localhost kernel: pci 0000:00:15.3: BAR 13: no space for [io  size 0x1000]
Apr 11 19:50:21 localhost kernel: pci 0000:00:15.3: BAR 13: failed to assign [io  size 0x1000]
Apr 11 19:50:21 localhost kernel: pci 0000:00:01.0: PCI bridge to [bus 01]
Apr 11 19:50:21 localhost kernel: pci 0000:02:01.0: BAR 6: assigned [mem 0xfd500000-0xfd50ffff pref]
Apr 11 19:50:21 localhost kernel: pci 0000:00:11.0: PCI bridge to [bus 02]
Apr 11 19:50:21 localhost kernel: pci 0000:00:11.0:   bridge window [io  0x2000-0x3fff]
Apr 11 19:50:21 localhost kernel: pci 0000:00:11.0:   bridge window [mem 0xfd500000-0xfdffffff]
Apr 11 19:50:21 localhost kernel: pci 0000:00:11.0:   bridge window [mem 0xe7b00000-0xe7ffffff 64bit pref]
Apr 11 19:50:21 localhost kernel: pci 0000:00:15.0: PCI bridge to [bus 03]
Apr 11 19:50:21 localhost kernel: pci 0000:00:15.0:   bridge window [io  0x4000-0x4fff]
Apr 11 19:50:21 localhost kernel: pci 0000:00:15.0:   bridge window [mem 0xfd400000-0xfd4fffff]
Apr 11 19:50:21 localhost kernel: pci 0000:00:15.0:   bridge window [mem 0xe7a00000-0xe7afffff 64bit pref]
Apr 11 19:50:21 localhost kernel: pci 0000:00:15.1: PCI bridge to [bus 04]
Apr 11 19:50:21 localhost kernel: pci 0000:00:15.1:   bridge window [io  0x8000-0x8fff]
Apr 11 19:50:21 localhost kernel: pci 0000:00:15.1:   bridge window [mem 0xfd000000-0xfd0fffff]
Apr 11 19:50:21 localhost kernel: pci 0000:00:15.1:   bridge window [mem 0xe7600000-0xe76fffff 64bit pref]
Apr 11 19:50:21 localhost kernel: pci 0000:00:15.2: PCI bridge to [bus 05]
Apr 11 19:50:21 localhost kernel: pci 0000:00:15.2:   bridge window [io  0xc000-0xcfff]
Apr 11 19:50:21 localhost kernel: pci 0000:00:15.2:   bridge window [mem 0xfcc00000-0xfccfffff]
Apr 11 19:50:21 localhost kernel: pci 0000:00:15.2:   bridge window [mem 0xe7200000-0xe72fffff 64bit pref]
Apr 11 19:50:21 localhost kernel: pci 0000:00:15.3: PCI bridge to [bus 06]
Apr 11 19:50:21 localhost kernel: pci 0000:00:15.3:   bridge window [mem 0xfc800000-0xfc8fffff]
Apr 11 19:50:21 localhost kernel: pci 0000:00:15.3:   bridge window [mem 0xe6e00000-0xe6efffff 64bit pref]
Apr 11 19:50:21 localhost kernel: pci 0000:00:15.4: PCI bridge to [bus 07]
Apr 11 19:50:21 localhost kernel: pci 0000:00:15.4:   bridge window [mem 0xfc400000-0xfc4fffff]
Apr 11 19:50:21 localhost kernel: pci 0000:00:15.4:   bridge window [mem 0xe6a00000-0xe6afffff 64bit pref]
Apr 11 19:50:21 localhost kernel: pci 0000:00:15.5: PCI bridge to [bus 08]
Apr 11 19:50:21 localhost kernel: pci 0000:00:15.5:   bridge window [mem 0xfc000000-0xfc0fffff]
Apr 11 19:50:21 localhost kernel: pci 0000:00:15.5:   bridge window [mem 0xe6600000-0xe66fffff 64bit pref]
Apr 11 19:50:21 localhost kernel: pci 0000:00:15.6: PCI bridge to [bus 09]
Apr 11 19:50:21 localhost kernel: pci 0000:00:15.6:   bridge window [mem 0xfbc00000-0xfbcfffff]
Apr 11 19:50:21 localhost kernel: pci 0000:00:15.6:   bridge window [mem 0xe6200000-0xe62fffff 64bit pref]
Apr 11 19:50:21 localhost kernel: pci 0000:00:15.7: PCI bridge to [bus 0a]
Apr 11 19:50:21 localhost kernel: pci 0000:00:15.7:   bridge window [mem 0xfb800000-0xfb8fffff]
Apr 11 19:50:21 localhost kernel: pci 0000:00:15.7:   bridge window [mem 0xe5e00000-0xe5efffff 64bit pref]
Apr 11 19:50:21 localhost kernel: pci 0000:00:16.0: PCI bridge to [bus 0b]
Apr 11 19:50:21 localhost kernel: pci 0000:00:16.0:   bridge window [io  0x5000-0x5fff]
Apr 11 19:50:21 localhost kernel: pci 0000:00:16.0:   bridge window [mem 0xfd300000-0xfd3fffff]
Apr 11 19:50:21 localhost kernel: pci 0000:00:16.0:   bridge window [mem 0xe7900000-0xe79fffff 64bit pref]
Apr 11 19:50:21 localhost kernel: pci 0000:00:16.1: PCI bridge to [bus 0c]
Apr 11 19:50:21 localhost kernel: pci 0000:00:16.1:   bridge window [io  0x9000-0x9fff]
Apr 11 19:50:21 localhost kernel: pci 0000:00:16.1:   bridge window [mem 0xfcf00000-0xfcffffff]
Apr 11 19:50:21 localhost kernel: pci 0000:00:16.1:   bridge window [mem 0xe7500000-0xe75fffff 64bit pref]
Apr 11 19:50:21 localhost kernel: pci 0000:00:16.2: PCI bridge to [bus 0d]
Apr 11 19:50:21 localhost kernel: pci 0000:00:16.2:   bridge window [io  0xd000-0xdfff]
Apr 11 19:50:21 localhost kernel: pci 0000:00:16.2:   bridge window [mem 0xfcb00000-0xfcbfffff]
Apr 11 19:50:21 localhost kernel: pci 0000:00:16.2:   bridge window [mem 0xe7100000-0xe71fffff 64bit pref]
Apr 11 19:50:21 localhost kernel: pci 0000:00:16.3: PCI bridge to [bus 0e]
Apr 11 19:50:21 localhost kernel: pci 0000:00:16.3:   bridge window [mem 0xfc700000-0xfc7fffff]
Apr 11 19:50:21 localhost kernel: pci 0000:00:16.3:   bridge window [mem 0xe6d00000-0xe6dfffff 64bit pref]
Apr 11 19:50:21 localhost kernel: pci 0000:00:16.4: PCI bridge to [bus 0f]
Apr 11 19:50:21 localhost kernel: pci 0000:00:16.4:   bridge window [mem 0xfc300000-0xfc3fffff]
Apr 11 19:50:21 localhost kernel: pci 0000:00:16.4:   bridge window [mem 0xe6900000-0xe69fffff 64bit pref]
Apr 11 19:50:21 localhost kernel: pci 0000:00:16.5: PCI bridge to [bus 10]
Apr 11 19:50:21 localhost kernel: pci 0000:00:16.5:   bridge window [mem 0xfbf00000-0xfbffffff]
Apr 11 19:50:21 localhost kernel: pci 0000:00:16.5:   bridge window [mem 0xe6500000-0xe65fffff 64bit pref]
Apr 11 19:50:21 localhost kernel: pci 0000:00:16.6: PCI bridge to [bus 11]
Apr 11 19:50:21 localhost kernel: pci 0000:00:16.6:   bridge window [mem 0xfbb00000-0xfbbfffff]
Apr 11 19:50:21 localhost kernel: pci 0000:00:16.6:   bridge window [mem 0xe6100000-0xe61fffff 64bit pref]
Apr 11 19:50:21 localhost kernel: pci 0000:00:16.7: PCI bridge to [bus 12]
Apr 11 19:50:21 localhost kernel: pci 0000:00:16.7:   bridge window [mem 0xfb700000-0xfb7fffff]
Apr 11 19:50:21 localhost kernel: pci 0000:00:16.7:   bridge window [mem 0xe5d00000-0xe5dfffff 64bit pref]
Apr 11 19:50:21 localhost kernel: pci 0000:00:17.0: PCI bridge to [bus 13]
Apr 11 19:50:21 localhost kernel: pci 0000:00:17.0:   bridge window [io  0x6000-0x6fff]
Apr 11 19:50:21 localhost kernel: pci 0000:00:17.0:   bridge window [mem 0xfd200000-0xfd2fffff]
Apr 11 19:50:21 localhost kernel: pci 0000:00:17.0:   bridge window [mem 0xe7800000-0xe78fffff 64bit pref]
Apr 11 19:50:21 localhost kernel: pci 0000:00:17.1: PCI bridge to [bus 14]
Apr 11 19:50:21 localhost kernel: pci 0000:00:17.1:   bridge window [io  0xa000-0xafff]
Apr 11 19:50:21 localhost kernel: pci 0000:00:17.1:   bridge window [mem 0xfce00000-0xfcefffff]
Apr 11 19:50:21 localhost kernel: pci 0000:00:17.1:   bridge window [mem 0xe7400000-0xe74fffff 64bit pref]
Apr 11 19:50:21 localhost kernel: pci 0000:00:17.2: PCI bridge to [bus 15]
Apr 11 19:50:21 localhost kernel: pci 0000:00:17.2:   bridge window [io  0xe000-0xefff]
Apr 11 19:50:21 localhost kernel: pci 0000:00:17.2:   bridge window [mem 0xfca00000-0xfcafffff]
Apr 11 19:50:21 localhost kernel: pci 0000:00:17.2:   bridge window [mem 0xe7000000-0xe70fffff 64bit pref]
Apr 11 19:50:21 localhost kernel: pci 0000:00:17.3: PCI bridge to [bus 16]
Apr 11 19:50:21 localhost kernel: pci 0000:00:17.3:   bridge window [mem 0xfc600000-0xfc6fffff]
Apr 11 19:50:21 localhost kernel: pci 0000:00:17.3:   bridge window [mem 0xe6c00000-0xe6cfffff 64bit pref]
Apr 11 19:50:21 localhost kernel: pci 0000:00:17.4: PCI bridge to [bus 17]
Apr 11 19:50:21 localhost kernel: pci 0000:00:17.4:   bridge window [mem 0xfc200000-0xfc2fffff]
Apr 11 19:50:21 localhost kernel: pci 0000:00:17.4:   bridge window [mem 0xe6800000-0xe68fffff 64bit pref]
Apr 11 19:50:21 localhost kernel: pci 0000:00:17.5: PCI bridge to [bus 18]
Apr 11 19:50:21 localhost kernel: pci 0000:00:17.5:   bridge window [mem 0xfbe00000-0xfbefffff]
Apr 11 19:50:21 localhost kernel: pci 0000:00:17.5:   bridge window [mem 0xe6400000-0xe64fffff 64bit pref]
Apr 11 19:50:21 localhost kernel: pci 0000:00:17.6: PCI bridge to [bus 19]
Apr 11 19:50:21 localhost kernel: pci 0000:00:17.6:   bridge window [mem 0xfba00000-0xfbafffff]
Apr 11 19:50:21 localhost kernel: pci 0000:00:17.6:   bridge window [mem 0xe6000000-0xe60fffff 64bit pref]
Apr 11 19:50:21 localhost kernel: pci 0000:00:17.7: PCI bridge to [bus 1a]
Apr 11 19:50:21 localhost kernel: pci 0000:00:17.7:   bridge window [mem 0xfb600000-0xfb6fffff]
Apr 11 19:50:21 localhost kernel: pci 0000:00:17.7:   bridge window [mem 0xe5c00000-0xe5cfffff 64bit pref]
Apr 11 19:50:21 localhost kernel: pci 0000:00:18.0: PCI bridge to [bus 1b]
Apr 11 19:50:21 localhost kernel: pci 0000:00:18.0:   bridge window [io  0x7000-0x7fff]
Apr 11 19:50:21 localhost kernel: pci 0000:00:18.0:   bridge window [mem 0xfd100000-0xfd1fffff]
Apr 11 19:50:21 localhost kernel: pci 0000:00:18.0:   bridge window [mem 0xe7700000-0xe77fffff 64bit pref]
Apr 11 19:50:21 localhost kernel: pci 0000:00:18.1: PCI bridge to [bus 1c]
Apr 11 19:50:21 localhost kernel: pci 0000:00:18.1:   bridge window [io  0xb000-0xbfff]
Apr 11 19:50:21 localhost kernel: pci 0000:00:18.1:   bridge window [mem 0xfcd00000-0xfcdfffff]
Apr 11 19:50:21 localhost kernel: pci 0000:00:18.1:   bridge window [mem 0xe7300000-0xe73fffff 64bit pref]
Apr 11 19:50:21 localhost kernel: pci 0000:00:18.2: PCI bridge to [bus 1d]
Apr 11 19:50:21 localhost kernel: pci 0000:00:18.2:   bridge window [mem 0xfc900000-0xfc9fffff]
Apr 11 19:50:21 localhost kernel: pci 0000:00:18.2:   bridge window [mem 0xe6f00000-0xe6ffffff 64bit pref]
Apr 11 19:50:21 localhost kernel: pci 0000:00:18.3: PCI bridge to [bus 1e]
Apr 11 19:50:21 localhost kernel: pci 0000:00:18.3:   bridge window [mem 0xfc500000-0xfc5fffff]
Apr 11 19:50:21 localhost kernel: pci 0000:00:18.3:   bridge window [mem 0xe6b00000-0xe6bfffff 64bit pref]
Apr 11 19:50:21 localhost kernel: pci 0000:00:18.4: PCI bridge to [bus 1f]
Apr 11 19:50:21 localhost kernel: pci 0000:00:18.4:   bridge window [mem 0xfc100000-0xfc1fffff]
Apr 11 19:50:21 localhost kernel: pci 0000:00:18.4:   bridge window [mem 0xe6700000-0xe67fffff 64bit pref]
Apr 11 19:50:21 localhost kernel: pci 0000:00:18.5: PCI bridge to [bus 20]
Apr 11 19:50:21 localhost kernel: pci 0000:00:18.5:   bridge window [mem 0xfbd00000-0xfbdfffff]
Apr 11 19:50:21 localhost kernel: pci 0000:00:18.5:   bridge window [mem 0xe6300000-0xe63fffff 64bit pref]
Apr 11 19:50:21 localhost kernel: pci 0000:00:18.6: PCI bridge to [bus 21]
Apr 11 19:50:21 localhost kernel: pci 0000:00:18.6:   bridge window [mem 0xfb900000-0xfb9fffff]
Apr 11 19:50:21 localhost kernel: pci 0000:00:18.6:   bridge window [mem 0xe5f00000-0xe5ffffff 64bit pref]
Apr 11 19:50:21 localhost kernel: pci 0000:00:18.7: PCI bridge to [bus 22]
Apr 11 19:50:21 localhost kernel: pci 0000:00:18.7:   bridge window [mem 0xfb500000-0xfb5fffff]
Apr 11 19:50:21 localhost kernel: pci 0000:00:18.7:   bridge window [mem 0xe5b00000-0xe5bfffff 64bit pref]
Apr 11 19:50:21 localhost kernel: NET: Registered protocol family 2
Apr 11 19:50:21 localhost kernel: tcp_listen_portaddr_hash hash table entries: 2048 (order: 3, 32768 bytes)
Apr 11 19:50:21 localhost kernel: TCP established hash table entries: 32768 (order: 6, 262144 bytes)
Apr 11 19:50:21 localhost kernel: TCP bind hash table entries: 32768 (order: 7, 524288 bytes)
Apr 11 19:50:21 localhost kernel: TCP: Hash tables configured (established 32768 bind 32768)
Apr 11 19:50:21 localhost kernel: UDP hash table entries: 2048 (order: 4, 65536 bytes)
Apr 11 19:50:21 localhost kernel: UDP-Lite hash table entries: 2048 (order: 4, 65536 bytes)
Apr 11 19:50:21 localhost kernel: NET: Registered protocol family 1
Apr 11 19:50:21 localhost kernel: pci 0000:00:00.0: Limiting direct PCI/PCI transfers
Apr 11 19:50:21 localhost kernel: pci 0000:00:0f.0: Video device with shadowed ROM at [mem 0x000c0000-0x000dffff]
Apr 11 19:50:21 localhost kernel: Unpacking initramfs...
Apr 11 19:50:21 localhost kernel: Freeing initrd memory: 23308K
Apr 11 19:50:21 localhost kernel: Initialise system trusted keyrings
Apr 11 19:50:21 localhost kernel: Key type blacklist registered
Apr 11 19:50:21 localhost kernel: workingset: timestamp_bits=36 max_order=20 bucket_order=0
Apr 11 19:50:21 localhost kernel: zbud: loaded
Apr 11 19:50:21 localhost kernel: pstore: using deflate compression
Apr 11 19:50:21 localhost kernel: alg: No test for 842 (842-generic)
Apr 11 19:50:21 localhost kernel: alg: No test for 842 (842-scomp)
Apr 11 19:50:21 localhost kernel: NET: Registered protocol family 38
Apr 11 19:50:21 localhost kernel: Key type asymmetric registered
Apr 11 19:50:21 localhost kernel: Asymmetric key parser 'x509' registered
Apr 11 19:50:21 localhost kernel: Block layer SCSI generic (bsg) driver version 0.4 loaded (major 244)
Apr 11 19:50:21 localhost kernel: io scheduler noop registered
Apr 11 19:50:21 localhost kernel: io scheduler deadline registered
Apr 11 19:50:21 localhost kernel: io scheduler cfq registered (default)
Apr 11 19:50:21 localhost kernel: io scheduler mq-deadline registered
Apr 11 19:50:21 localhost kernel: atomic64_test: passed for x86-64 platform with CX8 and with SSE
Apr 11 19:50:21 localhost kernel: pcieport 0000:00:15.0: Signaling PME with IRQ 24
Apr 11 19:50:21 localhost kernel: pcieport 0000:00:15.1: Signaling PME with IRQ 25
Apr 11 19:50:21 localhost kernel: pcieport 0000:00:15.2: Signaling PME with IRQ 26
Apr 11 19:50:21 localhost kernel: pcieport 0000:00:15.3: Signaling PME with IRQ 27
Apr 11 19:50:21 localhost kernel: pcieport 0000:00:15.4: Signaling PME with IRQ 28
Apr 11 19:50:21 localhost kernel: pcieport 0000:00:15.5: Signaling PME with IRQ 29
Apr 11 19:50:21 localhost kernel: pcieport 0000:00:15.6: Signaling PME with IRQ 30
Apr 11 19:50:21 localhost kernel: pcieport 0000:00:15.7: Signaling PME with IRQ 31
Apr 11 19:50:21 localhost kernel: pcieport 0000:00:16.0: Signaling PME with IRQ 32
Apr 11 19:50:21 localhost kernel: pcieport 0000:00:16.1: Signaling PME with IRQ 33
Apr 11 19:50:21 localhost kernel: pcieport 0000:00:16.2: Signaling PME with IRQ 34
Apr 11 19:50:21 localhost kernel: pcieport 0000:00:16.3: Signaling PME with IRQ 35
Apr 11 19:50:21 localhost kernel: pcieport 0000:00:16.4: Signaling PME with IRQ 36
Apr 11 19:50:21 localhost kernel: pcieport 0000:00:16.5: Signaling PME with IRQ 37
Apr 11 19:50:21 localhost kernel: pcieport 0000:00:16.6: Signaling PME with IRQ 38
Apr 11 19:50:21 localhost kernel: pcieport 0000:00:16.7: Signaling PME with IRQ 39
Apr 11 19:50:21 localhost kernel: pcieport 0000:00:17.0: Signaling PME with IRQ 40
Apr 11 19:50:21 localhost kernel: pcieport 0000:00:17.1: Signaling PME with IRQ 41
Apr 11 19:50:21 localhost kernel: pcieport 0000:00:17.2: Signaling PME with IRQ 42
Apr 11 19:50:21 localhost kernel: pcieport 0000:00:17.3: Signaling PME with IRQ 43
Apr 11 19:50:21 localhost kernel: pcieport 0000:00:17.4: Signaling PME with IRQ 44
Apr 11 19:50:21 localhost kernel: pcieport 0000:00:17.5: Signaling PME with IRQ 45
Apr 11 19:50:21 localhost kernel: pcieport 0000:00:17.6: Signaling PME with IRQ 46
Apr 11 19:50:21 localhost kernel: pcieport 0000:00:17.7: Signaling PME with IRQ 47
Apr 11 19:50:21 localhost kernel: pcieport 0000:00:18.0: Signaling PME with IRQ 48
Apr 11 19:50:21 localhost kernel: pcieport 0000:00:18.1: Signaling PME with IRQ 49
Apr 11 19:50:21 localhost kernel: pcieport 0000:00:18.2: Signaling PME with IRQ 50
Apr 11 19:50:21 localhost kernel: pcieport 0000:00:18.3: Signaling PME with IRQ 51
Apr 11 19:50:21 localhost kernel: pcieport 0000:00:18.4: Signaling PME with IRQ 52
Apr 11 19:50:21 localhost kernel: pcieport 0000:00:18.5: Signaling PME with IRQ 53
Apr 11 19:50:21 localhost kernel: pcieport 0000:00:18.6: Signaling PME with IRQ 54
Apr 11 19:50:21 localhost kernel: pcieport 0000:00:18.7: Signaling PME with IRQ 55
Apr 11 19:50:21 localhost kernel: pciehp 0000:00:15.0:pcie004: Slot #160 AttnBtn+ PwrCtrl+ MRL- AttnInd- PwrInd- HotPlug+ Surprise- Interlock- NoCompl+ LLActRep+
Apr 11 19:50:21 localhost kernel: pciehp 0000:00:15.1:pcie004: Slot #161 AttnBtn+ PwrCtrl+ MRL- AttnInd- PwrInd- HotPlug+ Surprise- Interlock- NoCompl+ LLActRep+
Apr 11 19:50:21 localhost kernel: pciehp 0000:00:15.2:pcie004: Slot #162 AttnBtn+ PwrCtrl+ MRL- AttnInd- PwrInd- HotPlug+ Surprise- Interlock- NoCompl+ LLActRep+
Apr 11 19:50:21 localhost kernel: pciehp 0000:00:15.3:pcie004: Slot #163 AttnBtn+ PwrCtrl+ MRL- AttnInd- PwrInd- HotPlug+ Surprise- Interlock- NoCompl+ LLActRep+
Apr 11 19:50:21 localhost kernel: pciehp 0000:00:15.4:pcie004: Slot #164 AttnBtn+ PwrCtrl+ MRL- AttnInd- PwrInd- HotPlug+ Surprise- Interlock- NoCompl+ LLActRep+
Apr 11 19:50:21 localhost kernel: pciehp 0000:00:15.5:pcie004: Slot #165 AttnBtn+ PwrCtrl+ MRL- AttnInd- PwrInd- HotPlug+ Surprise- Interlock- NoCompl+ LLActRep+
Apr 11 19:50:21 localhost kernel: pciehp 0000:00:15.6:pcie004: Slot #166 AttnBtn+ PwrCtrl+ MRL- AttnInd- PwrInd- HotPlug+ Surprise- Interlock- NoCompl+ LLActRep+
Apr 11 19:50:21 localhost kernel: pciehp 0000:00:15.7:pcie004: Slot #167 AttnBtn+ PwrCtrl+ MRL- AttnInd- PwrInd- HotPlug+ Surprise- Interlock- NoCompl+ LLActRep+
Apr 11 19:50:21 localhost kernel: pciehp 0000:00:16.0:pcie004: Slot #192 AttnBtn+ PwrCtrl+ MRL- AttnInd- PwrInd- HotPlug+ Surprise- Interlock- NoCompl+ LLActRep+
Apr 11 19:50:21 localhost kernel: pciehp 0000:00:16.1:pcie004: Slot #193 AttnBtn+ PwrCtrl+ MRL- AttnInd- PwrInd- HotPlug+ Surprise- Interlock- NoCompl+ LLActRep+
Apr 11 19:50:21 localhost kernel: pciehp 0000:00:16.2:pcie004: Slot #194 AttnBtn+ PwrCtrl+ MRL- AttnInd- PwrInd- HotPlug+ Surprise- Interlock- NoCompl+ LLActRep+
Apr 11 19:50:21 localhost kernel: pciehp 0000:00:16.3:pcie004: Slot #195 AttnBtn+ PwrCtrl+ MRL- AttnInd- PwrInd- HotPlug+ Surprise- Interlock- NoCompl+ LLActRep+
Apr 11 19:50:21 localhost kernel: pciehp 0000:00:16.4:pcie004: Slot #196 AttnBtn+ PwrCtrl+ MRL- AttnInd- PwrInd- HotPlug+ Surprise- Interlock- NoCompl+ LLActRep+
Apr 11 19:50:21 localhost kernel: pciehp 0000:00:16.5:pcie004: Slot #197 AttnBtn+ PwrCtrl+ MRL- AttnInd- PwrInd- HotPlug+ Surprise- Interlock- NoCompl+ LLActRep+
Apr 11 19:50:21 localhost kernel: pciehp 0000:00:16.6:pcie004: Slot #198 AttnBtn+ PwrCtrl+ MRL- AttnInd- PwrInd- HotPlug+ Surprise- Interlock- NoCompl+ LLActRep+
Apr 11 19:50:21 localhost kernel: pciehp 0000:00:16.7:pcie004: Slot #199 AttnBtn+ PwrCtrl+ MRL- AttnInd- PwrInd- HotPlug+ Surprise- Interlock- NoCompl+ LLActRep+
Apr 11 19:50:21 localhost kernel: pciehp 0000:00:17.0:pcie004: Slot #224 AttnBtn+ PwrCtrl+ MRL- AttnInd- PwrInd- HotPlug+ Surprise- Interlock- NoCompl+ LLActRep+
Apr 11 19:50:21 localhost kernel: pciehp 0000:00:17.1:pcie004: Slot #225 AttnBtn+ PwrCtrl+ MRL- AttnInd- PwrInd- HotPlug+ Surprise- Interlock- NoCompl+ LLActRep+
Apr 11 19:50:21 localhost kernel: pciehp 0000:00:17.2:pcie004: Slot #226 AttnBtn+ PwrCtrl+ MRL- AttnInd- PwrInd- HotPlug+ Surprise- Interlock- NoCompl+ LLActRep+
Apr 11 19:50:21 localhost kernel: pciehp 0000:00:17.3:pcie004: Slot #227 AttnBtn+ PwrCtrl+ MRL- AttnInd- PwrInd- HotPlug+ Surprise- Interlock- NoCompl+ LLActRep+
Apr 11 19:50:21 localhost kernel: pciehp 0000:00:17.4:pcie004: Slot #228 AttnBtn+ PwrCtrl+ MRL- AttnInd- PwrInd- HotPlug+ Surprise- Interlock- NoCompl+ LLActRep+
Apr 11 19:50:21 localhost kernel: pciehp 0000:00:17.5:pcie004: Slot #229 AttnBtn+ PwrCtrl+ MRL- AttnInd- PwrInd- HotPlug+ Surprise- Interlock- NoCompl+ LLActRep+
Apr 11 19:50:21 localhost kernel: pciehp 0000:00:17.6:pcie004: Slot #230 AttnBtn+ PwrCtrl+ MRL- AttnInd- PwrInd- HotPlug+ Surprise- Interlock- NoCompl+ LLActRep+
Apr 11 19:50:21 localhost kernel: pciehp 0000:00:17.7:pcie004: Slot #231 AttnBtn+ PwrCtrl+ MRL- AttnInd- PwrInd- HotPlug+ Surprise- Interlock- NoCompl+ LLActRep+
Apr 11 19:50:21 localhost kernel: pciehp 0000:00:18.0:pcie004: Slot #256 AttnBtn+ PwrCtrl+ MRL- AttnInd- PwrInd- HotPlug+ Surprise- Interlock- NoCompl+ LLActRep+
Apr 11 19:50:21 localhost kernel: pciehp 0000:00:18.1:pcie004: Slot #257 AttnBtn+ PwrCtrl+ MRL- AttnInd- PwrInd- HotPlug+ Surprise- Interlock- NoCompl+ LLActRep+
Apr 11 19:50:21 localhost kernel: pciehp 0000:00:18.2:pcie004: Slot #258 AttnBtn+ PwrCtrl+ MRL- AttnInd- PwrInd- HotPlug+ Surprise- Interlock- NoCompl+ LLActRep+
Apr 11 19:50:21 localhost kernel: pciehp 0000:00:18.3:pcie004: Slot #259 AttnBtn+ PwrCtrl+ MRL- AttnInd- PwrInd- HotPlug+ Surprise- Interlock- NoCompl+ LLActRep+
Apr 11 19:50:21 localhost kernel: pciehp 0000:00:18.4:pcie004: Slot #260 AttnBtn+ PwrCtrl+ MRL- AttnInd- PwrInd- HotPlug+ Surprise- Interlock- NoCompl+ LLActRep+
Apr 11 19:50:21 localhost kernel: pciehp 0000:00:18.5:pcie004: Slot #261 AttnBtn+ PwrCtrl+ MRL- AttnInd- PwrInd- HotPlug+ Surprise- Interlock- NoCompl+ LLActRep+
Apr 11 19:50:21 localhost kernel: pciehp 0000:00:18.6:pcie004: Slot #262 AttnBtn+ PwrCtrl+ MRL- AttnInd- PwrInd- HotPlug+ Surprise- Interlock- NoCompl+ LLActRep+
Apr 11 19:50:21 localhost kernel: pciehp 0000:00:18.7:pcie004: Slot #263 AttnBtn+ PwrCtrl+ MRL- AttnInd- PwrInd- HotPlug+ Surprise- Interlock- NoCompl+ LLActRep+
Apr 11 19:50:21 localhost kernel: shpchp 0000:00:01.0: Cannot get control of SHPC hotplug
Apr 11 19:50:21 localhost kernel: shpchp: Standard Hot Plug PCI Controller Driver version: 0.4
Apr 11 19:50:21 localhost kernel: ACPI: AC Adapter [ACAD] (on-line)
Apr 11 19:50:21 localhost kernel: input: Power Button as /devices/LNXSYSTM:00/LNXPWRBN:00/input/input0
Apr 11 19:50:21 localhost kernel: ACPI: Power Button [PWRF]
Apr 11 19:50:21 localhost kernel: Serial: 8250/16550 driver, 32 ports, IRQ sharing enabled
Apr 11 19:50:21 localhost kernel: 00:05: ttyS0 at I/O 0x3f8 (irq = 4, base_baud = 115200) is a 16550A
Apr 11 19:50:21 localhost kernel: Non-volatile memory driver v1.3
Apr 11 19:50:21 localhost kernel: Linux agpgart interface v0.103
Apr 11 19:50:21 localhost kernel: agpgart-intel 0000:00:00.0: Intel 440BX Chipset
Apr 11 19:50:21 localhost kernel: agpgart-intel 0000:00:00.0: AGP aperture is 256M @ 0x0
Apr 11 19:50:21 localhost kernel: scsi host0: ata_piix
Apr 11 19:50:21 localhost kernel: scsi host1: ata_piix
Apr 11 19:50:21 localhost kernel: ata1: PATA max UDMA/33 cmd 0x1f0 ctl 0x3f6 bmdma 0x1060 irq 14
Apr 11 19:50:21 localhost kernel: ata2: PATA max UDMA/33 cmd 0x170 ctl 0x376 bmdma 0x1068 irq 15
Apr 11 19:50:21 localhost kernel: libphy: Fixed MDIO Bus: probed
Apr 11 19:50:21 localhost kernel: ehci_hcd: USB 2.0 'Enhanced' Host Controller (EHCI) Driver
Apr 11 19:50:21 localhost kernel: ehci-pci: EHCI PCI platform driver
Apr 11 19:50:21 localhost kernel: ehci-pci 0000:02:03.0: EHCI Host Controller
Apr 11 19:50:21 localhost kernel: ehci-pci 0000:02:03.0: new USB bus registered, assigned bus number 1
Apr 11 19:50:21 localhost kernel: ehci-pci 0000:02:03.0: irq 17, io mem 0xfd5ef000
Apr 11 19:50:21 localhost kernel: ehci-pci 0000:02:03.0: USB 2.0 started, EHCI 1.00
Apr 11 19:50:21 localhost kernel: usb usb1: New USB device found, idVendor=1d6b, idProduct=0002, bcdDevice= 4.18
Apr 11 19:50:21 localhost kernel: usb usb1: New USB device strings: Mfr=3, Product=2, SerialNumber=1
Apr 11 19:50:21 localhost kernel: usb usb1: Product: EHCI Host Controller
Apr 11 19:50:21 localhost kernel: usb usb1: Manufacturer: Linux 4.18.16-300.fc29.x86_64 ehci_hcd
Apr 11 19:50:21 localhost kernel: usb usb1: SerialNumber: 0000:02:03.0
Apr 11 19:50:21 localhost kernel: hub 1-0:1.0: USB hub found
Apr 11 19:50:21 localhost kernel: hub 1-0:1.0: 6 ports detected
Apr 11 19:50:21 localhost kernel: ohci_hcd: USB 1.1 'Open' Host Controller (OHCI) Driver
Apr 11 19:50:21 localhost kernel: ohci-pci: OHCI PCI platform driver
Apr 11 19:50:21 localhost kernel: uhci_hcd: USB Universal Host Controller Interface driver
Apr 11 19:50:21 localhost kernel: uhci_hcd 0000:02:00.0: UHCI Host Controller
Apr 11 19:50:21 localhost kernel: uhci_hcd 0000:02:00.0: new USB bus registered, assigned bus number 2
Apr 11 19:50:21 localhost kernel: uhci_hcd 0000:02:00.0: detected 2 ports
Apr 11 19:50:21 localhost kernel: uhci_hcd 0000:02:00.0: irq 18, io base 0x00002080
Apr 11 19:50:21 localhost kernel: usb usb2: New USB device found, idVendor=1d6b, idProduct=0001, bcdDevice= 4.18
Apr 11 19:50:21 localhost kernel: usb usb2: New USB device strings: Mfr=3, Product=2, SerialNumber=1
Apr 11 19:50:21 localhost kernel: usb usb2: Product: UHCI Host Controller
Apr 11 19:50:21 localhost kernel: usb usb2: Manufacturer: Linux 4.18.16-300.fc29.x86_64 uhci_hcd
Apr 11 19:50:21 localhost kernel: usb usb2: SerialNumber: 0000:02:00.0
Apr 11 19:50:21 localhost kernel: hub 2-0:1.0: USB hub found
Apr 11 19:50:21 localhost kernel: hub 2-0:1.0: 2 ports detected
Apr 11 19:50:21 localhost kernel: usbcore: registered new interface driver usbserial_generic
Apr 11 19:50:21 localhost kernel: usbserial: USB Serial support registered for generic
Apr 11 19:50:21 localhost kernel: i8042: PNP: PS/2 Controller [PNP0303:KBC,PNP0f13:MOUS] at 0x60,0x64 irq 1,12
Apr 11 19:50:21 localhost kernel: serio: i8042 KBD port at 0x60,0x64 irq 1
Apr 11 19:50:21 localhost kernel: serio: i8042 AUX port at 0x60,0x64 irq 12
Apr 11 19:50:21 localhost kernel: mousedev: PS/2 mouse device common for all mice
Apr 11 19:50:21 localhost kernel: rtc_cmos 00:01: registered as rtc0
Apr 11 19:50:21 localhost kernel: rtc_cmos 00:01: alarms up to one month, y3k, 114 bytes nvram, hpet irqs
Apr 11 19:50:21 localhost kernel: input: AT Translated Set 2 keyboard as /devices/platform/i8042/serio0/input/input1
Apr 11 19:50:21 localhost kernel: device-mapper: uevent: version 1.0.3
Apr 11 19:50:21 localhost kernel: device-mapper: ioctl: 4.39.0-ioctl (2018-04-03) initialised: dm-devel@redhat.com
Apr 11 19:50:21 localhost kernel: hidraw: raw HID events driver (C) Jiri Kosina
Apr 11 19:50:21 localhost kernel: usbcore: registered new interface driver usbhid
Apr 11 19:50:21 localhost kernel: usbhid: USB HID core driver
Apr 11 19:50:21 localhost kernel: input: VirtualPS/2 VMware VMMouse as /devices/platform/i8042/serio1/input/input4
Apr 11 19:50:21 localhost kernel: drop_monitor: Initializing network drop monitor service
Apr 11 19:50:21 localhost kernel: Initializing XFRM netlink socket
Apr 11 19:50:21 localhost kernel: NET: Registered protocol family 10
Apr 11 19:50:21 localhost kernel: input: VirtualPS/2 VMware VMMouse as /devices/platform/i8042/serio1/input/input3
Apr 11 19:50:21 localhost kernel: Segment Routing with IPv6
Apr 11 19:50:21 localhost kernel: mip6: Mobile IPv6
Apr 11 19:50:21 localhost kernel: NET: Registered protocol family 17
Apr 11 19:50:21 localhost kernel: RAS: Correctable Errors collector initialized.
Apr 11 19:50:21 localhost kernel: AVX2 version of gcm_enc/dec engaged.
Apr 11 19:50:21 localhost kernel: AES CTR mode by8 optimization enabled
Apr 11 19:50:21 localhost kernel: sched_clock: Marking stable (2359015507, 0)->(3214099296, -855083789)
Apr 11 19:50:21 localhost kernel: registered taskstats version 1
Apr 11 19:50:21 localhost kernel: Loading compiled-in X.509 certificates
Apr 11 19:50:21 localhost kernel: Loaded X.509 cert 'Fedora kernel signing key: e6f292c78964456fa910a52a28608cd27ca5f788'
Apr 11 19:50:21 localhost kernel: zswap: loaded using pool lzo/zbud
Apr 11 19:50:21 localhost kernel: Key type big_key registered
Apr 11 19:50:21 localhost kernel: Key type encrypted registered
Apr 11 19:50:21 localhost kernel: ima: No TPM chip found, activating TPM-bypass! (rc=-19)
Apr 11 19:50:21 localhost kernel: ima: Allocated hash algorithm: sha1
Apr 11 19:50:21 localhost kernel:  Magic number: 15:883:813
Apr 11 19:50:21 localhost kernel: acpi PNP0A05:05: hash matches
Apr 11 19:50:21 localhost kernel: acpi device:a2: hash matches
Apr 11 19:50:21 localhost kernel: rtc_cmos 00:01: setting system clock to 2019-04-12 02:50:21 UTC (1555037421)
Apr 11 19:50:21 localhost kernel: ata2.00: ATAPI: VMware Virtual IDE CDROM Drive, 00000001, max UDMA/33
Apr 11 19:50:21 localhost kernel: scsi 1:0:0:0: CD-ROM            NECVMWar VMware IDE CDR10 1.00 PQ: 0 ANSI: 5
Apr 11 19:50:21 localhost kernel: sr 1:0:0:0: [sr0] scsi3-mmc drive: 1x/1x writer dvd-ram cd/rw xa/form2 cdda tray
Apr 11 19:50:21 localhost kernel: cdrom: Uniform CD-ROM driver Revision: 3.20
Apr 11 19:50:21 localhost kernel: sr 1:0:0:0: Attached scsi generic sg0 type 5
Apr 11 19:50:21 localhost kernel: Freeing unused kernel image memory: 2160K
Apr 11 19:50:21 localhost kernel: Write protecting the kernel read-only data: 18432k
Apr 11 19:50:21 localhost kernel: Freeing unused kernel image memory: 2012K
Apr 11 19:50:21 localhost kernel: Freeing unused kernel image memory: 40K
Apr 11 19:50:21 localhost kernel: x86/mm: Checked W+X mappings: passed, no W+X pages found.
Apr 11 19:50:21 localhost kernel: x86/mm: Checking user space page tables
Apr 11 19:50:21 localhost kernel: x86/mm: Checked W+X mappings: passed, no W+X pages found.
Apr 11 19:50:21 localhost kernel: rodata_test: all tests were successful
Apr 11 19:50:21 localhost systemd[1]: systemd 239 running in system mode. (+PAM +AUDIT +SELINUX +IMA -APPARMOR +SMACK +SYSVINIT +UTMP +LIBCRYPTSETUP +GCRYPT +GNUTLS +ACL +XZ +LZ4 +SECCOMP +BLKID +ELFUTILS +KMOD +IDN2 -IDN +PCRE2 default-hierarchy=hybrid)
Apr 11 19:50:21 localhost systemd[1]: Detected virtualization vmware.
Apr 11 19:50:21 localhost systemd[1]: Detected architecture x86-64.
Apr 11 19:50:21 localhost systemd[1]: Running in initial RAM disk.
Apr 11 19:50:21 localhost systemd[1]: Set hostname to <localhost.localdomain>.
Apr 11 19:50:21 localhost kernel: usb 2-1: new full-speed USB device number 2 using uhci_hcd
Apr 11 19:50:21 localhost systemd[1]: Listening on Journal Socket.
Apr 11 19:50:21 localhost systemd[1]: Starting Create list of required static device nodes for the current kernel...
Apr 11 19:50:21 localhost systemd[1]: Created slice system-systemd\x2dhibernate\x2dresume.slice.
Apr 11 19:50:21 localhost systemd[1]: Reached target Slices.
Apr 11 19:50:21 localhost systemd[1]: Reached target Swap.
Apr 11 19:50:21 localhost kernel: usb 2-1: New USB device found, idVendor=0e0f, idProduct=0003, bcdDevice= 1.03
Apr 11 19:50:21 localhost kernel: usb 2-1: New USB device strings: Mfr=1, Product=2, SerialNumber=0
Apr 11 19:50:21 localhost kernel: usb 2-1: Product: VMware Virtual USB Mouse
Apr 11 19:50:21 localhost kernel: usb 2-1: Manufacturer: VMware
Apr 11 19:50:21 localhost kernel: input: VMware VMware Virtual USB Mouse as /devices/pci0000:00/0000:00:11.0/0000:02:00.0/usb2/2-1/2-1:1.0/0003:0E0F:0003.0001/input/input5
Apr 11 19:50:21 localhost kernel: hid-generic 0003:0E0F:0003.0001: input,hidraw0: USB HID v1.10 Mouse [VMware VMware Virtual USB Mouse] on usb-0000:02:00.0-1/input0
Apr 11 19:50:21 localhost kernel: tsc: Refined TSC clocksource calibration: 2304.001 MHz
Apr 11 19:50:21 localhost kernel: clocksource: tsc: mask: 0xffffffffffffffff max_cycles: 0x2135f8984a8, max_idle_ns: 440795232764 ns
Apr 11 19:50:21 localhost kernel: clocksource: Switched to clocksource tsc
Apr 11 19:50:21 localhost kernel: audit: type=1130 audit(1555037421.877:2): pid=1 uid=0 auid=4294967295 ses=4294967295 subj=kernel msg='unit=dracut-cmdline comm="systemd" exe="/usr/lib/systemd/systemd" hostname=? addr=? terminal=? res=success'
Apr 11 19:50:21 localhost systemd-journald[222]: Journal started
Apr 11 19:50:21 localhost systemd-journald[222]: Runtime journal (/run/log/journal/69222affdc1a41f3a4a6caba4a581b84) is 8.0M, max 113.3M, 105.3M free.
Apr 11 19:50:21 localhost audit[1]: SERVICE_START pid=1 uid=0 auid=4294967295 ses=4294967295 subj=kernel msg='unit=dracut-cmdline comm="systemd" exe="/usr/lib/systemd/systemd" hostname=? addr=? terminal=? res=success'
Apr 11 19:50:21 localhost dracut-cmdline[205]: dracut-29 (Workstation Edition) dracut-048-14.git20180726.fc29
Apr 11 19:50:21 localhost dracut-cmdline[205]: Using kernel command line parameters: BOOT_IMAGE=/vmlinuz-4.18.16-300.fc29.x86_64 root=/dev/mapper/fedora-root ro resume=/dev/mapper/fedora-swap rd.lvm.lv=fedora/root rd.lvm.lv=fedora/swap rhgb quiet LANG=en_US.UTF-8
Apr 11 19:50:21 localhost audit[1]: SERVICE_START pid=1 uid=0 auid=4294967295 ses=4294967295 subj=kernel msg='unit=systemd-journald comm="systemd" exe="/usr/lib/systemd/systemd" hostname=? addr=? terminal=? res=success'
Apr 11 19:50:21 localhost kernel: audit: type=1130 audit(1555037421.880:3): pid=1 uid=0 auid=4294967295 ses=4294967295 subj=kernel msg='unit=systemd-journald comm="systemd" exe="/usr/lib/systemd/systemd" hostname=? addr=? terminal=? res=success'
Apr 11 19:50:21 localhost systemd[1]: Started dracut pre-udev hook.
Apr 11 19:50:21 localhost kernel: audit: type=1130 audit(1555037421.903:4): pid=1 uid=0 auid=4294967295 ses=4294967295 subj=kernel msg='unit=dracut-pre-udev comm="systemd" exe="/usr/lib/systemd/systemd" hostname=? addr=? terminal=? res=success'
Apr 11 19:50:21 localhost audit[1]: SERVICE_START pid=1 uid=0 auid=4294967295 ses=4294967295 subj=kernel msg='unit=dracut-pre-udev comm="systemd" exe="/usr/lib/systemd/systemd" hostname=? addr=? terminal=? res=success'
Apr 11 19:50:21 localhost systemd[1]: Starting udev Kernel Device Manager...
Apr 11 19:50:21 localhost systemd[1]: Started udev Kernel Device Manager.
Apr 11 19:50:21 localhost audit[1]: SERVICE_START pid=1 uid=0 auid=4294967295 ses=4294967295 subj=kernel msg='unit=systemd-udevd comm="systemd" exe="/usr/lib/systemd/systemd" hostname=? addr=? terminal=? res=success'
Apr 11 19:50:21 localhost kernel: audit: type=1130 audit(1555037421.925:5): pid=1 uid=0 auid=4294967295 ses=4294967295 subj=kernel msg='unit=systemd-udevd comm="systemd" exe="/usr/lib/systemd/systemd" hostname=? addr=? terminal=? res=success'
Apr 11 19:50:21 localhost systemd[1]: Starting udev Coldplug all Devices...
Apr 11 19:50:21 localhost kernel: usb 2-2: new full-speed USB device number 3 using uhci_hcd
Apr 11 19:50:21 localhost systemd[1]: Mounting Kernel Configuration File System...
Apr 11 19:50:21 localhost systemd[1]: Mounted Kernel Configuration File System.
Apr 11 19:50:22 localhost systemd[1]: Started udev Coldplug all Devices.
Apr 11 19:50:22 localhost systemd[1]: Starting dracut initqueue hook...
Apr 11 19:50:22 localhost audit[1]: SERVICE_START pid=1 uid=0 auid=4294967295 ses=4294967295 subj=kernel msg='unit=systemd-udev-trigger comm="systemd" exe="/usr/lib/systemd/systemd" hostname=? addr=? terminal=? res=success'
Apr 11 19:50:22 localhost kernel: audit: type=1130 audit(1555037422.072:6): pid=1 uid=0 auid=4294967295 ses=4294967295 subj=kernel msg='unit=systemd-udev-trigger comm="systemd" exe="/usr/lib/systemd/systemd" hostname=? addr=? terminal=? res=success'
Apr 11 19:50:22 localhost kernel: usb 2-2: New USB device found, idVendor=0e0f, idProduct=0002, bcdDevice= 1.00
Apr 11 19:50:22 localhost kernel: usb 2-2: New USB device strings: Mfr=0, Product=1, SerialNumber=0
Apr 11 19:50:22 localhost kernel: usb 2-2: Product: VMware Virtual USB Hub
Apr 11 19:50:22 localhost kernel: hub 2-2:1.0: USB hub found
Apr 11 19:50:22 localhost kernel: hub 2-2:1.0: 7 ports detected
Apr 11 19:50:22 localhost kernel: Fusion MPT base driver 3.04.20
Apr 11 19:50:22 localhost kernel: Copyright (c) 1999-2008 LSI Corporation
Apr 11 19:50:22 localhost kernel: Fusion MPT SPI Host driver 3.04.20
Apr 11 19:50:22 localhost kernel: mptbase: ioc0: Initiating bringup
Apr 11 19:50:22 localhost kernel: e1000: Intel(R) PRO/1000 Network Driver - version 7.3.21-k8-NAPI
Apr 11 19:50:22 localhost kernel: e1000: Copyright (c) 1999-2006 Intel Corporation.
Apr 11 19:50:22 localhost kernel: ioc0: LSI53C1030 B0: Capabilities={Initiator}
Apr 11 19:50:22 localhost systemd-udevd[358]: link_config: autonegotiation is unset or enabled, the speed and duplex are not writable.
Apr 11 19:50:22 localhost kernel: usb 2-2.1: new full-speed USB device number 4 using uhci_hcd
Apr 11 19:50:22 localhost kernel: [drm] DMA map mode: Using physical TTM page addresses.
Apr 11 19:50:22 localhost kernel: [drm] Capabilities:
Apr 11 19:50:22 localhost kernel: [drm]   Rect copy.
Apr 11 19:50:22 localhost kernel: [drm]   Cursor.
Apr 11 19:50:22 localhost kernel: [drm]   Cursor bypass.
Apr 11 19:50:22 localhost kernel: [drm]   Cursor bypass 2.
Apr 11 19:50:22 localhost kernel: [drm]   8bit emulation.
Apr 11 19:50:22 localhost kernel: [drm]   Alpha cursor.
Apr 11 19:50:22 localhost kernel: [drm]   3D.
Apr 11 19:50:22 localhost kernel: [drm]   Extended Fifo.
Apr 11 19:50:22 localhost kernel: [drm]   Multimon.
Apr 11 19:50:22 localhost kernel: [drm]   Pitchlock.
Apr 11 19:50:22 localhost kernel: [drm]   Irq mask.
Apr 11 19:50:22 localhost kernel: [drm]   Display Topology.
Apr 11 19:50:22 localhost kernel: [drm]   GMR.
Apr 11 19:50:22 localhost kernel: [drm]   Traces.
Apr 11 19:50:22 localhost kernel: [drm]   GMR2.
Apr 11 19:50:22 localhost kernel: [drm]   Screen Object 2.
Apr 11 19:50:22 localhost kernel: [drm]   Command Buffers.
Apr 11 19:50:22 localhost kernel: [drm]   Command Buffers 2.
Apr 11 19:50:22 localhost kernel: [drm]   Guest Backed Resources.
Apr 11 19:50:22 localhost kernel: [drm]   DX Features.
Apr 11 19:50:22 localhost kernel: [drm]   HP Command Queue.
Apr 11 19:50:22 localhost kernel: [drm] Max GMR ids is 64
Apr 11 19:50:22 localhost kernel: [drm] Max number of GMR pages is 65536
Apr 11 19:50:22 localhost kernel: [drm] Max dedicated hypervisor surface memory is 0 kiB
Apr 11 19:50:22 localhost kernel: [drm] Maximum display memory size is 262144 kiB
Apr 11 19:50:22 localhost kernel: [drm] VRAM at 0xe8000000 size is 4096 kiB
Apr 11 19:50:22 localhost kernel: [drm] MMIO at 0xfe000000 size is 256 kiB
Apr 11 19:50:22 localhost kernel: [drm] global init.
Apr 11 19:50:22 localhost kernel: [TTM] Zone  kernel: Available graphics memory: 1160732 kiB
Apr 11 19:50:22 localhost kernel: [TTM] Initializing pool allocator
Apr 11 19:50:22 localhost kernel: [TTM] Initializing DMA pool allocator
Apr 11 19:50:22 localhost kernel: [drm] Supports vblank timestamp caching Rev 2 (21.10.2013).
Apr 11 19:50:22 localhost kernel: [drm] No driver support for vblank timestamp query.
Apr 11 19:50:22 localhost kernel: [drm] Screen Target Display device initialized
Apr 11 19:50:22 localhost kernel: [drm] width 800
Apr 11 19:50:22 localhost kernel: [drm] height 480
Apr 11 19:50:22 localhost kernel: [drm] bpp 32
Apr 11 19:50:22 localhost kernel: [drm] Fifo max 0x00040000 min 0x00001000 cap 0x0000077f
Apr 11 19:50:22 localhost kernel: [drm] Using command buffers with DMA pool.
Apr 11 19:50:22 localhost kernel: [drm] DX: yes.
Apr 11 19:50:22 localhost kernel: [drm] Atomic: yes
Apr 11 19:50:22 localhost kernel: usb 2-2.1: New USB device found, idVendor=0e0f, idProduct=0008, bcdDevice= 1.00
Apr 11 19:50:22 localhost kernel: usb 2-2.1: New USB device strings: Mfr=1, Product=2, SerialNumber=3
Apr 11 19:50:22 localhost kernel: usb 2-2.1: Product: Virtual Bluetooth Adapter
Apr 11 19:50:22 localhost kernel: usb 2-2.1: Manufacturer: VMware
Apr 11 19:50:22 localhost kernel: usb 2-2.1: SerialNumber: 000650268328
Apr 11 19:50:22 localhost kernel: scsi host2: ioc0: LSI53C1030 B0, FwRev=01032920h, Ports=1, MaxQ=128, IRQ=17
Apr 11 19:50:22 localhost kernel: scsi 2:0:0:0: Direct-Access     VMware,  VMware Virtual S 1.0  PQ: 0 ANSI: 2
Apr 11 19:50:22 localhost kernel: fbcon: svgadrmfb (fb0) is primary device
Apr 11 19:50:22 localhost kernel: Console: switching to colour frame buffer device 100x37
Apr 11 19:50:22 localhost kernel: audit: type=1130 audit(1555037422.732:7): pid=1 uid=0 auid=4294967295 ses=4294967295 subj=kernel msg='unit=systemd-vconsole-setup comm="systemd" exe="/usr/lib/systemd/systemd" hostname=? addr=? terminal=? res=success'
Apr 11 19:50:22 localhost kernel: audit: type=1131 audit(1555037422.732:8): pid=1 uid=0 auid=4294967295 ses=4294967295 subj=kernel msg='unit=systemd-vconsole-setup comm="systemd" exe="/usr/lib/systemd/systemd" hostname=? addr=? terminal=? res=success'
Apr 11 19:50:22 localhost audit[1]: SERVICE_START pid=1 uid=0 auid=4294967295 ses=4294967295 subj=kernel msg='unit=systemd-vconsole-setup comm="systemd" exe="/usr/lib/systemd/systemd" hostname=? addr=? terminal=? res=success'
Apr 11 19:50:22 localhost audit[1]: SERVICE_STOP pid=1 uid=0 auid=4294967295 ses=4294967295 subj=kernel msg='unit=systemd-vconsole-setup comm="systemd" exe="/usr/lib/systemd/systemd" hostname=? addr=? terminal=? res=success'
Apr 11 19:50:22 localhost systemd[1]: Started Setup Virtual Console.
Apr 11 19:50:22 localhost systemd[1]: Starting Show Plymouth Boot Screen...
Apr 11 19:50:22 localhost kernel: [drm] Initialized vmwgfx 2.14.1 20180322 for 0000:00:0f.0 on minor 0
Apr 11 19:50:22 localhost systemd[1]: Received SIGRTMIN+20 from PID 391 (plymouthd).
Apr 11 19:50:22 localhost kernel: scsi target2:0:0: Beginning Domain Validation
Apr 11 19:50:22 localhost kernel: scsi target2:0:0: Domain Validation skipping write tests
Apr 11 19:50:22 localhost kernel: scsi target2:0:0: Ending Domain Validation
Apr 11 19:50:22 localhost kernel: scsi target2:0:0: FAST-40 WIDE SCSI 80.0 MB/s ST (25 ns, offset 127)
Apr 11 19:50:22 localhost kernel: scsi 2:0:1:0: Direct-Access     VMware,  VMware Virtual S 1.0  PQ: 0 ANSI: 2
Apr 11 19:50:22 localhost kernel: audit: type=1130 audit(1555037422.811:9): pid=1 uid=0 auid=4294967295 ses=4294967295 subj=kernel msg='unit=plymouth-start comm="systemd" exe="/usr/lib/systemd/systemd" hostname=? addr=? terminal=? res=success'
Apr 11 19:50:22 localhost audit[1]: SERVICE_START pid=1 uid=0 auid=4294967295 ses=4294967295 subj=kernel msg='unit=plymouth-start comm="systemd" exe="/usr/lib/systemd/systemd" hostname=? addr=? terminal=? res=success'
Apr 11 19:50:22 localhost systemd[1]: Started Show Plymouth Boot Screen.
Apr 11 19:50:22 localhost systemd[1]: Started Forward Password Requests to Plymouth Directory Watch.
Apr 11 19:50:22 localhost systemd[1]: Reached target Paths.
Apr 11 19:50:22 localhost kernel: scsi target2:0:1: Beginning Domain Validation
Apr 11 19:50:22 localhost kernel: scsi target2:0:1: Domain Validation skipping write tests
Apr 11 19:50:22 localhost kernel: scsi target2:0:1: Ending Domain Validation
Apr 11 19:50:22 localhost kernel: scsi target2:0:1: FAST-40 WIDE SCSI 80.0 MB/s ST (25 ns, offset 127)
Apr 11 19:50:22 localhost kernel: sd 2:0:0:0: [sda] 41943040 512-byte logical blocks: (21.5 GB/20.0 GiB)
Apr 11 19:50:22 localhost kernel: sd 2:0:0:0: [sda] Write Protect is off
Apr 11 19:50:22 localhost kernel: sd 2:0:0:0: [sda] Cache data unavailable
Apr 11 19:50:22 localhost kernel: sd 2:0:0:0: [sda] Assuming drive cache: write through
Apr 11 19:50:22 localhost kernel: sda: sda1 sda2
Apr 11 19:50:22 localhost kernel: sd 2:0:0:0: [sda] Attached SCSI disk
Apr 11 19:50:22 localhost kernel: sd 2:0:0:0: Attached scsi generic sg1 type 0
Apr 11 19:50:22 localhost kernel: sd 2:0:1:0: [sdb] 16777216 512-byte logical blocks: (8.59 GB/8.00 GiB)
Apr 11 19:50:22 localhost kernel: sd 2:0:1:0: [sdb] Write Protect is off
Apr 11 19:50:22 localhost kernel: sd 2:0:1:0: [sdb] Cache data unavailable
Apr 11 19:50:22 localhost kernel: sd 2:0:1:0: [sdb] Assuming drive cache: write through
Apr 11 19:50:22 localhost kernel: sdb: sdb1
Apr 11 19:50:22 localhost kernel: sd 2:0:1:0: [sdb] Attached SCSI disk
Apr 11 19:50:22 localhost kernel: sd 2:0:1:0: Attached scsi generic sg2 type 0
Apr 11 19:50:23 localhost kernel: e1000 0000:02:01.0 eth0: (PCI:66MHz:32-bit) 00:0c:29:76:37:61
Apr 11 19:50:23 localhost kernel: e1000 0000:02:01.0 eth0: Intel(R) PRO/1000 Network Connection
Apr 11 19:50:23 localhost systemd-udevd[355]: link_config: autonegotiation is unset or enabled, the speed and duplex are not writable.
Apr 11 19:50:23 localhost kernel: e1000 0000:02:01.0 ens33: renamed from eth0
Apr 11 19:50:23 localhost dracut-initqueue[354]: Scanning devices sda2  for LVM logical volumes fedora/root fedora/swap
Apr 11 19:50:23 localhost dracut-initqueue[354]: inactive '/dev/fedora/swap' [2.00 GiB] inherit
Apr 11 19:50:23 localhost dracut-initqueue[354]: inactive '/dev/fedora/root' [<17.00 GiB] inherit
Apr 11 19:50:23 localhost systemd[1]: Found device /dev/mapper/fedora-root.
Apr 11 19:50:23 localhost systemd[1]: Reached target Initrd Root Device.
Apr 11 19:50:23 localhost systemd[1]: Found device /dev/mapper/fedora-swap.
Apr 11 19:50:23 localhost systemd[1]: Starting Resume from hibernation using device /dev/mapper/fedora-swap...
Apr 11 19:50:23 localhost systemd-hibernate-resume[470]: Could not resume from '/dev/mapper/fedora-swap' (253:1).
Apr 11 19:50:23 localhost systemd[1]: Started Resume from hibernation using device /dev/mapper/fedora-swap.
Apr 11 19:50:23 localhost audit[1]: SERVICE_START pid=1 uid=0 auid=4294967295 ses=4294967295 subj=kernel msg='unit=systemd-hibernate-resume@dev-mapper-fedora\x2dswap comm="systemd" exe="/usr/lib/systemd/systemd" hostname=? addr=? terminal=? res=success'
Apr 11 19:50:23 localhost audit[1]: SERVICE_STOP pid=1 uid=0 auid=4294967295 ses=4294967295 subj=kernel msg='unit=systemd-hibernate-resume@dev-mapper-fedora\x2dswap comm="systemd" exe="/usr/lib/systemd/systemd" hostname=? addr=? terminal=? res=success'
Apr 11 19:50:23 localhost kernel: audit: type=1130 audit(1555037423.500:10): pid=1 uid=0 auid=4294967295 ses=4294967295 subj=kernel msg='unit=systemd-hibernate-resume@dev-mapper-fedora\x2dswap comm="systemd" exe="/usr/lib/systemd/systemd" hostname=? addr=? terminal=? res=success'
Apr 11 19:50:23 localhost systemd[1]: Reached target Local File Systems (Pre).
Apr 11 19:50:23 localhost systemd[1]: Reached target Local File Systems.
Apr 11 19:50:23 localhost systemd[1]: Starting Create Volatile Files and Directories...
Apr 11 19:50:23 localhost systemd[1]: Started Create Volatile Files and Directories.
Apr 11 19:50:23 localhost audit[1]: SERVICE_START pid=1 uid=0 auid=4294967295 ses=4294967295 subj=kernel msg='unit=systemd-tmpfiles-setup comm="systemd" exe="/usr/lib/systemd/systemd" hostname=? addr=? terminal=? res=success'
Apr 11 19:50:23 localhost systemd[1]: Reached target System Initialization.
Apr 11 19:50:23 localhost systemd[1]: Reached target Basic System.
Apr 11 19:50:23 localhost systemd[1]: Started dracut initqueue hook.
